Archive member included to satisfy reference by file (symbol)

/home/alex/esp32/esp-idf/examples/my_proyects/Anemoi/build/cxx/libcxx.a(cxx_guards.o)
                              (__cxa_guard_dummy)
/home/alex/esp32/esp-idf/examples/my_proyects/Anemoi/build/cxx/libcxx.a(cxx_exception_stubs.o)
                              (__cxx_fatal_exception)
/home/alex/esp32/esp-idf/examples/my_proyects/Anemoi/build/esp32/libesp32.a(panic.o)
                              /home/alex/esp32/esp-idf/examples/my_proyects/Anemoi/build/cxx/libcxx.a(cxx_guards.o) (abort)
/home/alex/esp32/esp-idf/examples/my_proyects/Anemoi/build/esp32/libesp32.a(cpu_start.o)
                              (call_start_cpu0)
/home/alex/esp32/esp-idf/examples/my_proyects/Anemoi/build/esp32/libesp32.a(int_wdt.o)
                              /home/alex/esp32/esp-idf/examples/my_proyects/Anemoi/build/esp32/libesp32.a(cpu_start.o) (esp_int_wdt_init)
/home/alex/esp32/esp-idf/examples/my_proyects/Anemoi/build/esp32/libesp32.a(cache_err_int.o)
                              /home/alex/esp32/esp-idf/examples/my_proyects/Anemoi/build/esp32/libesp32.a(cpu_start.o) (esp_cache_err_int_init)
/home/alex/esp32/esp-idf/examples/my_proyects/Anemoi/build/esp32/libesp32.a(clk.o)
                              /home/alex/esp32/esp-idf/examples/my_proyects/Anemoi/build/esp32/libesp32.a(cpu_start.o) (esp_clk_init)
/home/alex/esp32/esp-idf/examples/my_proyects/Anemoi/build/esp32/libesp32.a(freertos_hooks.o)
                              /home/alex/esp32/esp-idf/examples/my_proyects/Anemoi/build/esp32/libesp32.a(int_wdt.o) (esp_register_freertos_tick_hook_for_cpu)
/home/alex/esp32/esp-idf/examples/my_proyects/Anemoi/build/esp32/libesp32.a(esp_err_to_name.o)
                              /home/alex/esp32/esp-idf/examples/my_proyects/Anemoi/build/esp32/libesp32.a(panic.o) (esp_err_to_name)
/home/alex/esp32/esp-idf/examples/my_proyects/Anemoi/build/esp32/libesp32.a(crosscore_int.o)
                              /home/alex/esp32/esp-idf/examples/my_proyects/Anemoi/build/esp32/libesp32.a(cpu_start.o) (esp_crosscore_int_init)
/home/alex/esp32/esp-idf/examples/my_proyects/Anemoi/build/esp32/libesp32.a(ipc.o)
                              /home/alex/esp32/esp-idf/examples/my_proyects/Anemoi/build/esp32/libesp32.a(cpu_start.o) (esp_ipc_init)
/home/alex/esp32/esp-idf/examples/my_proyects/Anemoi/build/esp32/libesp32.a(intr_alloc.o)
                              /home/alex/esp32/esp-idf/examples/my_proyects/Anemoi/build/esp32/libesp32.a(crosscore_int.o) (esp_intr_alloc)
/home/alex/esp32/esp-idf/examples/my_proyects/Anemoi/build/esp32/libesp32.a(esp_timer.o)
                              /home/alex/esp32/esp-idf/examples/my_proyects/Anemoi/build/esp32/libesp32.a(cpu_start.o) (esp_timer_init)
/home/alex/esp32/esp-idf/examples/my_proyects/Anemoi/build/esp32/libesp32.a(dport_access.o)
                              /home/alex/esp32/esp-idf/examples/my_proyects/Anemoi/build/esp32/libesp32.a(cpu_start.o) (esp_dport_access_stall_other_cpu_start)
/home/alex/esp32/esp-idf/examples/my_proyects/Anemoi/build/esp32/libesp32.a(system_api.o)
                              /home/alex/esp32/esp-idf/examples/my_proyects/Anemoi/build/esp32/libesp32.a(panic.o) (esp_restart_noos)
/home/alex/esp32/esp-idf/examples/my_proyects/Anemoi/build/esp32/libesp32.a(brownout.o)
                              /home/alex/esp32/esp-idf/examples/my_proyects/Anemoi/build/esp32/libesp32.a(cpu_start.o) (esp_brownout_init)
/home/alex/esp32/esp-idf/examples/my_proyects/Anemoi/build/esp32/libesp32.a(dport_panic_highint_hdl.o)
                              (ld_include_panic_highint_hdl)
/home/alex/esp32/esp-idf/examples/my_proyects/Anemoi/build/esp32/libesp32.a(task_wdt.o)
                              /home/alex/esp32/esp-idf/examples/my_proyects/Anemoi/build/esp32/libesp32.a(cpu_start.o) (esp_task_wdt_init)
/home/alex/esp32/esp-idf/examples/my_proyects/Anemoi/build/esp32/libesp32.a(dbg_stubs.o)
                              /home/alex/esp32/esp-idf/examples/my_proyects/Anemoi/build/esp32/libesp32.a(cpu_start.o) (esp_dbg_stubs_init)
/home/alex/esp32/esp-idf/examples/my_proyects/Anemoi/build/esp32/libesp32.a(esp_timer_esp32.o)
                              /home/alex/esp32/esp-idf/examples/my_proyects/Anemoi/build/esp32/libesp32.a(esp_timer.o) (esp_timer_impl_get_time)
/home/alex/esp32/esp-idf/components/esp32/libhal.a(int_asm--set_intclear.o)
                              /home/alex/esp32/esp-idf/examples/my_proyects/Anemoi/build/esp32/libesp32.a(intr_alloc.o) (xthal_set_intclear)
/home/alex/esp32/esp-idf/examples/my_proyects/Anemoi/build/freertos/libfreertos.a(xtensa_intr.o)
                              /home/alex/esp32/esp-idf/examples/my_proyects/Anemoi/build/esp32/libesp32.a(intr_alloc.o) (xt_unhandled_interrupt)
/home/alex/esp32/esp-idf/examples/my_proyects/Anemoi/build/freertos/libfreertos.a(queue.o)
[...]
Memory Configuration

Name             Origin             Length             Attributes
iram0_0_seg      0x0000000040080000 0x0000000000020000 xr
iram0_2_seg      0x00000000400d0018 0x000000000032ffe8 xr
dram0_0_seg      0x000000003ffb0000 0x000000000002c200 rw
drom0_0_seg      0x000000003f400018 0x00000000003fffe8 r
rtc_iram_seg     0x00000000400c0000 0x0000000000002000 xrw
rtc_slow_seg     0x0000000050000000 0x0000000000001000 rw
*default*        0x0000000000000000 0xffffffffffffffff

Linker script and memory map

START GROUP
LOAD /home/alex/esp32/esp-idf/examples/my_proyects/Anemoi/build/app_trace/libapp_trace.a
LOAD /home/alex/esp32/esp-idf/examples/my_proyects/Anemoi/build/app_update/libapp_update.a
LOAD /home/alex/esp32/esp-idf/examples/my_proyects/Anemoi/build/asio/libasio.a
LOAD /home/alex/esp32/esp-idf/examples/my_proyects/Anemoi/build/bootloader_support/libbootloader_support.a
LOAD /home/alex/esp32/esp-idf/examples/my_proyects/Anemoi/build/bt/libbt.a
LOAD /home/alex/esp32/esp-idf/examples/my_proyects/Anemoi/build/coap/libcoap.a
LOAD /home/alex/esp32/esp-idf/examples/my_proyects/Anemoi/build/console/libconsole.a
LOAD /home/alex/esp32/esp-idf/examples/my_proyects/Anemoi/build/cxx/libcxx.a
LOAD /home/alex/esp32/esp-idf/examples/my_proyects/Anemoi/build/driver/libdriver.a
LOAD /home/alex/esp32/esp-idf/examples/my_proyects/Anemoi/build/esp-tls/libesp-tls.a
LOAD /home/alex/esp32/esp-idf/examples/my_proyects/Anemoi/build/esp32/libesp32.a
LOAD /home/alex/esp32/esp-idf/components/esp32/libhal.a
LOAD /home/alex/esp32/esp-idf/components/esp32/lib/libcore.a
LOAD /home/alex/esp32/esp-idf/components/esp32/lib/librtc.a
LOAD /home/alex/esp32/esp-idf/components/esp32/lib/libnet80211.a
LOAD /home/alex/esp32/esp-idf/components/esp32/lib/libpp.a
LOAD /home/alex/esp32/esp-idf/components/esp32/lib/libwpa.a
LOAD /home/alex/esp32/esp-idf/components/esp32/lib/libsmartconfig.a
LOAD /home/alex/esp32/esp-idf/components/esp32/lib/libcoexist.a
LOAD /home/alex/esp32/esp-idf/components/esp32/lib/libwps.a
LOAD /home/alex/esp32/esp-idf/components/esp32/lib/libwpa2.a
LOAD /home/alex/esp32/esp-idf/components/esp32/lib/libespnow.a
LOAD /home/alex/esp32/esp-idf/components/esp32/lib/libphy.a
LOAD /home/alex/esp32/esp-idf/components/esp32/lib/libmesh.a
LOAD /home/alex/esp32/esp-idf/examples/my_proyects/Anemoi/build/esp_adc_cal/libesp_adc_cal.a
LOAD /home/alex/esp32/esp-idf/examples/my_proyects/Anemoi/build/esp_http_client/libesp_http_client.a
LOAD /home/alex/esp32/esp-idf/examples/my_proyects/Anemoi/build/esp_https_ota/libesp_https_ota.a
LOAD /home/alex/esp32/esp-idf/examples/my_proyects/Anemoi/build/ethernet/libethernet.a
LOAD /home/alex/esp32/esp-idf/examples/my_proyects/Anemoi/build/expat/libexpat.a
LOAD /home/alex/esp32/esp-idf/examples/my_proyects/Anemoi/build/fatfs/libfatfs.a
LOAD /home/alex/esp32/esp-idf/examples/my_proyects/Anemoi/build/freertos/libfreertos.a
LOAD /home/alex/esp32/esp-idf/examples/my_proyects/Anemoi/build/heap/libheap.a
LOAD /home/alex/esp32/esp-idf/examples/my_proyects/Anemoi/build/http_server/libhttp_server.a
LOAD /home/alex/esp32/esp-idf/examples/my_proyects/Anemoi/build/idf_test/libidf_test.a
LOAD /home/alex/esp32/esp-idf/examples/my_proyects/Anemoi/build/jsmn/libjsmn.a
LOAD /home/alex/esp32/esp-idf/examples/my_proyects/Anemoi/build/json/libjson.a
LOAD /home/alex/esp32/esp-idf/examples/my_proyects/Anemoi/build/libsodium/liblibsodium.a
LOAD /home/alex/esp32/esp-idf/examples/my_proyects/Anemoi/build/log/liblog.a
LOAD /home/alex/esp32/esp-idf/examples/my_proyects/Anemoi/build/lwip/liblwip.a
LOAD /home/alex/esp32/esp-idf/examples/my_proyects/Anemoi/build/main/libmain.a
LOAD /home/alex/esp32/esp-idf/examples/my_proyects/Anemoi/build/mbedtls/libmbedtls.a
LOAD /home/alex/esp32/esp-idf/examples/my_proyects/Anemoi/build/mdns/libmdns.a
LOAD /home/alex/esp32/esp-idf/examples/my_proyects/Anemoi/build/micro-ecc/libmicro-ecc.a
LOAD /home/alex/esp32/esp-idf/components/newlib/lib/libc.a
LOAD /home/alex/esp32/esp-idf/components/newlib/lib/libm.a
LOAD /home/alex/esp32/esp-idf/examples/my_proyects/Anemoi/build/newlib/libnewlib.a
LOAD /home/alex/esp32/esp-idf/examples/my_proyects/Anemoi/build/nghttp/libnghttp.a
LOAD /home/alex/esp32/esp-idf/examples/my_proyects/Anemoi/build/nvs_flash/libnvs_flash.a
LOAD /home/alex/esp32/esp-idf/examples/my_proyects/Anemoi/build/openssl/libopenssl.a
LOAD /home/alex/esp32/esp-idf/examples/my_proyects/Anemoi/build/pthread/libpthread.a
LOAD /home/alex/esp32/esp-idf/examples/my_proyects/Anemoi/build/sdmmc/libsdmmc.a
LOAD /home/alex/esp32/esp-idf/examples/my_proyects/Anemoi/build/smartconfig_ack/libsmartconfig_ack.a
LOAD /home/alex/esp32/esp-idf/examples/my_proyects/Anemoi/build/soc/libsoc.a
LOAD /home/alex/esp32/esp-idf/examples/my_proyects/Anemoi/build/spi_flash/libspi_flash.a
LOAD /home/alex/esp32/esp-idf/examples/my_proyects/Anemoi/build/spiffs/libspiffs.a
LOAD /home/alex/esp32/esp-idf/examples/my_proyects/Anemoi/build/tcpip_adapter/libtcpip_adapter.a
LOAD /home/alex/esp32/esp-idf/examples/my_proyects/Anemoi/build/ulp/libulp.a
LOAD /home/alex/esp32/esp-idf/examples/my_proyects/Anemoi/build/vfs/libvfs.a
LOAD /home/alex/esp32/esp-idf/examples/my_proyects/Anemoi/build/wear_levelling/libwear_levelling.a
LOAD /home/alex/esp32/esp-idf/examples/my_proyects/Anemoi/build/wpa_supplicant/libwpa_supplicant.a
LOAD /home/alex/esp32/esp-idf/examples/my_proyects/Anemoi/build/xtensa-debug-module/libxtensa-debug-module.a
LOAD /home/alex/esp32/xtensa-esp32-elf/bin/../lib/gcc/xtensa-esp32-elf/5.2.0/libgcc.a
LOAD /home/alex/esp32/xtensa-esp32-elf/bin/../lib/gcc/xtensa-esp32-elf/5.2.0/../../../../xtensa-esp32-elf/lib/libstdc++.a
LOAD /home/alex/esp32/xtensa-esp32-elf/bin/../lib/gcc/xtensa-esp32-elf/5.2.0/libgcov.a
END GROUP
                0x0000000040000000                _heap_end = 0x40000000

.rtc.text       0x00000000400c0000        0x0
                0x00000000400c0000                . = ALIGN (0x4)
 *(.rtc.literal .rtc.text)
 *rtc_wake_stub*.*(.literal .text .literal.* .text.*)

.rtc.data       0x0000000050000000        0x0
                0x0000000050000000                _rtc_data_start = ABSOLUTE (.)
 *(.rtc.data)
 *(.rtc.rodata)
 *rtc_wake_stub*.*(.data .rodata .data.* .rodata.* .bss .bss.*)
                0x0000000050000000                _rtc_data_end = ABSOLUTE (.)

.rtc.bss        0x0000000050000000        0x0
                0x0000000050000000                _rtc_bss_start = ABSOLUTE (.)
 *rtc_wake_stub*.*(.bss .bss.*)
 *rtc_wake_stub*.*(COMMON)
 *(.rtc.bss)
                0x0000000050000000                _rtc_bss_end = ABSOLUTE (.)

.rtc_noinit     0x0000000050000000        0x0
                0x0000000050000000                . = ALIGN (0x4)
                0x0000000050000000                _rtc_noinit_start = ABSOLUTE (.)
 *(.rtc_noinit .rtc_noinit.*)
                0x0000000050000000                . = ALIGN (0x4)
                0x0000000050000000                _rtc_noinit_end = ABSOLUTE (.)

.iram0.vectors  0x0000000040080000      0x400
                0x0000000040080000                _iram_start = ABSOLUTE (.)
                0x0000000040080000                _init_start = ABSOLUTE (.)
                0x0000000000000000                . = 0x0
 *(.WindowVectors.text)
 .WindowVectors.text
                0x0000000040080000      0x16a /home/alex/esp32/esp-idf/examples/my_proyects/Anemoi/build/freertos/libfreertos.a(xtensa_vectors.o)
                0x0000000040080000                _WindowOverflow4
                0x0000000040080040                _WindowUnderflow4
                0x0000000040080050                _xt_alloca_exc
                0x0000000040080080                _WindowOverflow8
                0x00000000400800c0                _WindowUnderflow8
                0x0000000040080100                _WindowOverflow12
                0x0000000040080140                _WindowUnderflow12
                0x0000000000000180                . = 0x180
 *fill*         0x000000004008016a       0x16 
 *(.Level2InterruptVector.text)
 .Level2InterruptVector.text
                0x0000000040080180        0x6 /home/alex/esp32/esp-idf/examples/my_proyects/Anemoi/build/freertos/libfreertos.a(xtensa_vectors.o)
                0x0000000040080180                _Level2Vector
                0x00000000000001c0                . = 0x1c0
 *fill*         0x0000000040080186       0x3a 
 *(.Level3InterruptVector.text)
 .Level3InterruptVector.text
                0x00000000400801c0        0x6 /home/alex/esp32/esp-idf/examples/my_proyects/Anemoi/build/freertos/libfreertos.a(xtensa_vectors.o)
                0x00000000400801c0                _Level3Vector
                0x0000000000000200                . = 0x200
 *fill*         0x00000000400801c6       0x3a 
 *(.Level4InterruptVector.text)
 .Level4InterruptVector.text
                0x0000000040080200        0x6 /home/alex/esp32/esp-idf/examples/my_proyects/Anemoi/build/freertos/libfreertos.a(xtensa_vectors.o)
                0x0000000040080200                _Level4Vector
                0x0000000000000240                . = 0x240
 *fill*         0x0000000040080206       0x3a 
 *(.Level5InterruptVector.text)
 .Level5InterruptVector.text
                0x0000000040080240        0x6 /home/alex/esp32/esp-idf/examples/my_proyects/Anemoi/build/freertos/libfreertos.a(xtensa_vectors.o)
                0x0000000040080240                _Level5Vector
                0x0000000000000280                . = 0x280
 *fill*         0x0000000040080246       0x3a 
 *(.DebugExceptionVector.text)
 .DebugExceptionVector.text
                0x0000000040080280        0x6 /home/alex/esp32/esp-idf/examples/my_proyects/Anemoi/build/freertos/libfreertos.a(xtensa_vectors.o)
                0x0000000040080280                _DebugExceptionVector
                0x00000000000002c0                . = 0x2c0
 *fill*         0x0000000040080286       0x3a 
 *(.NMIExceptionVector.text)
 .NMIExceptionVector.text
                0x00000000400802c0        0x6 /home/alex/esp32/esp-idf/examples/my_proyects/Anemoi/build/freertos/libfreertos.a(xtensa_vectors.o)
                0x00000000400802c0                _NMIExceptionVector
                0x0000000000000300                . = 0x300
 *fill*         0x00000000400802c6       0x3a 
 *(.KernelExceptionVector.text)
 .KernelExceptionVector.text
                0x0000000040080300        0x6 /home/alex/esp32/esp-idf/examples/my_proyects/Anemoi/build/freertos/libfreertos.a(xtensa_vectors.o)
                0x0000000040080300                _KernelExceptionVector
                0x0000000000000340                . = 0x340
 *fill*         0x0000000040080306       0x3a 
 *(.UserExceptionVector.text)
 .UserExceptionVector.text
                0x0000000040080340        0x6 /home/alex/esp32/esp-idf/examples/my_proyects/Anemoi/build/freertos/libfreertos.a(xtensa_vectors.o)
                0x0000000040080340                _UserExceptionVector
                0x00000000000003c0                . = 0x3c0
 *fill*         0x0000000040080346       0x7a 
 *(.DoubleExceptionVector.text)
 .DoubleExceptionVector.text
                0x00000000400803c0        0xf /home/alex/esp32/esp-idf/examples/my_proyects/Anemoi/build/freertos/libfreertos.a(xtensa_vectors.o)
                0x00000000400803c0                _DoubleExceptionVector
                0x0000000000000400                . = 0x400
 *fill*         0x00000000400803cf       0x31 
 *(.*Vector.literal)
 *(.UserEnter.literal)
 *(.UserEnter.text)
                0x0000000040080400                . = ALIGN (0x10)
 *(.entry.text)
 *(.init.literal)
 *(.init)
                0x0000000040080400                _init_end = ABSOLUTE (.)

.iram0.text     0x0000000040080400     0x913d
                0x0000000040080400                _iram_text_start = ABSOLUTE (.)
 *(.iram1 .iram1.*)
 .iram1.literal
                0x0000000040080400       0xa8 /home/alex/esp32/esp-idf/examples/my_proyects/Anemoi/build/esp32/libesp32.a(cpu_start.o)
                                        0x1c0 (size before relaxing)
 .iram1.literal
                0x00000000400804a8        0xc /home/alex/esp32/esp-idf/examples/my_proyects/Anemoi/build/esp32/libesp32.a(int_wdt.o)
 .iram1.literal
                0x00000000400804b4        0xc /home/alex/esp32/esp-idf/examples/my_proyects/Anemoi/build/esp32/libesp32.a(cache_err_int.o)
                                         0x18 (size before relaxing)
 .iram1.literal
                0x00000000400804c0        0xc /home/alex/esp32/esp-idf/examples/my_proyects/Anemoi/build/esp32/libesp32.a(clk.o)
                                         0x20 (size before relaxing)
 .iram1.literal
                0x00000000400804cc        0x4 /home/alex/esp32/esp-idf/examples/my_proyects/Anemoi/build/esp32/libesp32.a(freertos_hooks.o)
 .iram1.literal
                0x00000000400804d0       0x1c /home/alex/esp32/esp-idf/examples/my_proyects/Anemoi/build/esp32/libesp32.a(crosscore_int.o)
                                         0x40 (size before relaxing)
 .iram1.literal
                0x00000000400804ec       0x20 /home/alex/esp32/esp-idf/examples/my_proyects/Anemoi/build/esp32/libesp32.a(ipc.o)
                                         0x34 (size before relaxing)
 .iram1.literal
                0x000000004008050c       0x20 /home/alex/esp32/esp-idf/examples/my_proyects/Anemoi/build/esp32/libesp32.a(intr_alloc.o)
                                         0x7c (size before relaxing)
 .iram1.literal
                0x000000004008052c       0x28 /home/alex/esp32/esp-idf/examples/my_proyects/Anemoi/build/esp32/libesp32.a(esp_timer.o)
                                         0x60 (size before relaxing)
 .iram1.literal
                0x0000000040080554       0x38 /home/alex/esp32/esp-idf/examples/my_proyects/Anemoi/build/esp32/libesp32.a(dport_access.o)
                                         0x88 (size before relaxing)
 .iram1.literal
                0x000000004008058c       0x50 /home/alex/esp32/esp-idf/examples/my_proyects/Anemoi/build/esp32/libesp32.a(system_api.o)
                                         0xd0 (size before relaxing)
 .iram1.literal
                0x00000000400805dc       0x10 /home/alex/esp32/esp-idf/examples/my_proyects/Anemoi/build/esp32/libesp32.a(dport_panic_highint_hdl.o)
                                         0x28 (size before relaxing)
 .iram1.literal
                0x00000000400805ec       0x60 /home/alex/esp32/esp-idf/examples/my_proyects/Anemoi/build/esp32/libesp32.a(esp_timer_esp32.o)
                                         0xf8 (size before relaxing)
 .iram1.literal
                0x000000004008064c        0x4 /home/alex/esp32/esp-idf/examples/my_proyects/Anemoi/build/freertos/libfreertos.a(port.o)
 .iram1.literal
                0x0000000040080650       0x44 /home/alex/esp32/esp-idf/examples/my_proyects/Anemoi/build/freertos/libfreertos.a(xtensa_vectors.o)
                                         0x68 (size before relaxing)
 .iram1.literal
                0x0000000040080694       0x58 /home/alex/esp32/esp-idf/examples/my_proyects/Anemoi/build/heap/libheap.a(heap_caps.o)
                                         0xb0 (size before relaxing)
 .iram1.literal
                0x00000000400806ec       0x24 /home/alex/esp32/esp-idf/examples/my_proyects/Anemoi/build/log/liblog.a(log.o)
                                         0x48 (size before relaxing)
 .iram1.literal
                0x0000000040080710        0x4 /home/alex/esp32/esp-idf/examples/my_proyects/Anemoi/build/newlib/libnewlib.a(time.o)
                                         0x1c (size before relaxing)
 .iram1.literal
                0x0000000040080714        0x4 /home/alex/esp32/esp-idf/examples/my_proyects/Anemoi/build/newlib/libnewlib.a(syscalls.o)
                                         0x14 (size before relaxing)
 .iram1.literal
                0x0000000040080718        0x8 /home/alex/esp32/esp-idf/examples/my_proyects/Anemoi/build/newlib/libnewlib.a(reent_init.o)
                                         0x10 (size before relaxing)
 .iram1.literal
                0x0000000040080720       0x14 /home/alex/esp32/esp-idf/examples/my_proyects/Anemoi/build/newlib/libnewlib.a(locks.o)
                                         0x90 (size before relaxing)
 .iram1.literal
                0x0000000040080734       0x1c /home/alex/esp32/esp-idf/examples/my_proyects/Anemoi/build/soc/libsoc.a(cpu_util.o)
                                         0x30 (size before relaxing)
 .iram1.literal
                0x0000000040080750       0x50 /home/alex/esp32/esp-idf/examples/my_proyects/Anemoi/build/spi_flash/libspi_flash.a(cache_utils.o)
                                        0x120 (size before relaxing)
 .iram1.literal
                0x00000000400807a0       0x38 /home/alex/esp32/esp-idf/examples/my_proyects/Anemoi/build/spi_flash/libspi_flash.a(flash_ops.o)
                                         0xe4 (size before relaxing)
 .iram1.literal
                0x00000000400807d8       0x4c /home/alex/esp32/esp-idf/examples/my_proyects/Anemoi/build/spi_flash/libspi_flash.a(flash_mmap.o)
                                        0x11c (size before relaxing)
 .iram1.literal
                0x0000000040080824       0x20 /home/alex/esp32/esp-idf/examples/my_proyects/Anemoi/build/driver/libdriver.a(ledc.o)
                                         0x40 (size before relaxing)
 .literal.xt_unhandled_interrupt
                0x0000000040080844        0x4 /home/alex/esp32/esp-idf/examples/my_proyects/Anemoi/build/freertos/libfreertos.a(xtensa_intr.o)
                                          0x8 (size before relaxing)
 .literal.xt_set_interrupt_handler
                0x0000000040080848        0x8 /home/alex/esp32/esp-idf/examples/my_proyects/Anemoi/build/freertos/libfreertos.a(xtensa_intr.o)
                                          0xc (size before relaxing)
 .literal.prvIsQueueFull
                0x0000000040080850        0x0 /home/alex/esp32/esp-idf/examples/my_proyects/Anemoi/build/freertos/libfreertos.a(queue.o)
                                          0x8 (size before relaxing)
 .literal.prvCopyDataToQueue
                0x0000000040080850        0x0 /home/alex/esp32/esp-idf/examples/my_proyects/Anemoi/build/freertos/libfreertos.a(queue.o)
                                          0xc (size before relaxing)
 .literal.prvNotifyQueueSetContainer
                0x0000000040080850       0x14 /home/alex/esp32/esp-idf/examples/my_proyects/Anemoi/build/freertos/libfreertos.a(queue.o)
                                         0x34 (size before relaxing)
 .literal.prvCopyDataFromQueue
                0x0000000040080864        0x0 /home/alex/esp32/esp-idf/examples/my_proyects/Anemoi/build/freertos/libfreertos.a(queue.o)
                                          0x4 (size before relaxing)
 .literal.xQueueGenericReset
                0x0000000040080864        0x4 /home/alex/esp32/esp-idf/examples/my_proyects/Anemoi/build/freertos/libfreertos.a(queue.o)
                                         0x30 (size before relaxing)
 .literal.prvInitialiseNewQueue
                0x0000000040080868        0x0 /home/alex/esp32/esp-idf/examples/my_proyects/Anemoi/build/freertos/libfreertos.a(queue.o)
                                          0x4 (size before relaxing)
 .literal.xQueueGenericCreate
                0x0000000040080868        0x4 /home/alex/esp32/esp-idf/examples/my_proyects/Anemoi/build/freertos/libfreertos.a(queue.o)
                                         0x1c (size before relaxing)
 .literal.xQueueGetMutexHolder
                0x000000004008086c        0x0 /home/alex/esp32/esp-idf/examples/my_proyects/Anemoi/build/freertos/libfreertos.a(queue.o)
                                          0x8 (size before relaxing)
 .literal.xQueueCreateCountingSemaphore
                0x000000004008086c        0x4 /home/alex/esp32/esp-idf/examples/my_proyects/Anemoi/build/freertos/libfreertos.a(queue.o)
                                         0x28 (size before relaxing)
 .literal.xQueueGenericSend
                0x0000000040080870        0x4 /home/alex/esp32/esp-idf/examples/my_proyects/Anemoi/build/freertos/libfreertos.a(queue.o)
                                         0x7c (size before relaxing)
 .literal.prvInitialiseMutex
                0x0000000040080874        0x0 /home/alex/esp32/esp-idf/examples/my_proyects/Anemoi/build/freertos/libfreertos.a(queue.o)
                                          0x8 (size before relaxing)
 .literal.xQueueCreateMutex
                0x0000000040080874        0x0 /home/alex/esp32/esp-idf/examples/my_proyects/Anemoi/build/freertos/libfreertos.a(queue.o)
                                          0x8 (size before relaxing)
 .literal.xQueueGiveMutexRecursive
                0x0000000040080874        0x4 /home/alex/esp32/esp-idf/examples/my_proyects/Anemoi/build/freertos/libfreertos.a(queue.o)
                                         0x1c (size before relaxing)
 .literal.xQueueGenericSendFromISR
                0x0000000040080878        0x4 /home/alex/esp32/esp-idf/examples/my_proyects/Anemoi/build/freertos/libfreertos.a(queue.o)
                                         0x3c (size before relaxing)
 .literal.xQueueGiveFromISR
                0x000000004008087c        0x4 /home/alex/esp32/esp-idf/examples/my_proyects/Anemoi/build/freertos/libfreertos.a(queue.o)
                                         0x30 (size before relaxing)
 .literal.xQueueGenericReceive
                0x0000000040080880        0x4 /home/alex/esp32/esp-idf/examples/my_proyects/Anemoi/build/freertos/libfreertos.a(queue.o)
                                         0x78 (size before relaxing)
 .literal.xQueueTakeMutexRecursive
                0x0000000040080884        0x4 /home/alex/esp32/esp-idf/examples/my_proyects/Anemoi/build/freertos/libfreertos.a(queue.o)
                                         0x1c (size before relaxing)
 .literal.xQueueReceiveFromISR
                0x0000000040080888        0x4 /home/alex/esp32/esp-idf/examples/my_proyects/Anemoi/build/freertos/libfreertos.a(queue.o)
                                         0x30 (size before relaxing)
 .literal.vQueueDelete
                0x000000004008088c        0x4 /home/alex/esp32/esp-idf/examples/my_proyects/Anemoi/build/freertos/libfreertos.a(queue.o)
                                         0x18 (size before relaxing)
 .literal.vQueueWaitForMessageRestricted
                0x0000000040080890        0x0 /home/alex/esp32/esp-idf/examples/my_proyects/Anemoi/build/freertos/libfreertos.a(queue.o)
                                          0xc (size before relaxing)
 .literal.pxPortInitialiseStack
                0x0000000040080890       0x10 /home/alex/esp32/esp-idf/examples/my_proyects/Anemoi/build/freertos/libfreertos.a(port.o)
                                         0x18 (size before relaxing)
 .literal.xPortStartScheduler
                0x00000000400808a0        0x0 /home/alex/esp32/esp-idf/examples/my_proyects/Anemoi/build/freertos/libfreertos.a(port.o)
                                         0x14 (size before relaxing)
 .literal.xPortSysTickHandler
                0x00000000400808a0        0x0 /home/alex/esp32/esp-idf/examples/my_proyects/Anemoi/build/freertos/libfreertos.a(port.o)
                                          0x8 (size before relaxing)
 .literal.vPortYieldOtherCore
                0x00000000400808a0        0x0 /home/alex/esp32/esp-idf/examples/my_proyects/Anemoi/build/freertos/libfreertos.a(port.o)
                                          0x4 (size before relaxing)
 .literal.vPortReleaseTaskMPUSettings
                0x00000000400808a0        0x0 /home/alex/esp32/esp-idf/examples/my_proyects/Anemoi/build/freertos/libfreertos.a(port.o)
                                          0x4 (size before relaxing)
 .literal.xPortInIsrContext
                0x00000000400808a0        0x0 /home/alex/esp32/esp-idf/examples/my_proyects/Anemoi/build/freertos/libfreertos.a(port.o)
                                          0x8 (size before relaxing)
 .literal.vPortCPUInitializeMutex
                0x00000000400808a0        0x4 /home/alex/esp32/esp-idf/examples/my_proyects/Anemoi/build/freertos/libfreertos.a(port.o)
 .literal.vPortCPUAcquireMutex
                0x00000000400808a4       0x1c /home/alex/esp32/esp-idf/examples/my_proyects/Anemoi/build/freertos/libfreertos.a(port.o)
                                         0x30 (size before relaxing)
 .literal.vPortCPUReleaseMutex
                0x00000000400808c0        0xc /home/alex/esp32/esp-idf/examples/my_proyects/Anemoi/build/freertos/libfreertos.a(port.o)
                                         0x20 (size before relaxing)
 .literal.prvResetNextTaskUnblockTime
                0x00000000400808cc        0x8 /home/alex/esp32/esp-idf/examples/my_proyects/Anemoi/build/freertos/libfreertos.a(tasks.o)
 .literal.prvDeleteTLS
                0x00000000400808d4       0x10 /home/alex/esp32/esp-idf/examples/my_proyects/Anemoi/build/freertos/libfreertos.a(tasks.o)
                                         0x18 (size before relaxing)
 .literal.prvInitialiseNewTask
                0x00000000400808e4        0x0 /home/alex/esp32/esp-idf/examples/my_proyects/Anemoi/build/freertos/libfreertos.a(tasks.o)
                                         0x18 (size before relaxing)
 .literal.prvInitialiseTaskLists
                0x00000000400808e4       0x20 /home/alex/esp32/esp-idf/examples/my_proyects/Anemoi/build/freertos/libfreertos.a(tasks.o)
                                         0x40 (size before relaxing)
 .literal.prvDeleteTCB
                0x0000000040080904        0x8 /home/alex/esp32/esp-idf/examples/my_proyects/Anemoi/build/freertos/libfreertos.a(tasks.o)
                                         0x2c (size before relaxing)
 .literal.prvAddCurrentTaskToDelayedList
                0x000000004008090c        0x4 /home/alex/esp32/esp-idf/examples/my_proyects/Anemoi/build/freertos/libfreertos.a(tasks.o)
                                         0x1c (size before relaxing)
 .literal.taskYIELD_OTHER_CORE
                0x0000000040080910        0x0 /home/alex/esp32/esp-idf/examples/my_proyects/Anemoi/build/freertos/libfreertos.a(tasks.o)
                                         0x10 (size before relaxing)
 .literal.vTaskSuspendAll
                0x0000000040080910        0x4 /home/alex/esp32/esp-idf/examples/my_proyects/Anemoi/build/freertos/libfreertos.a(tasks.o)
                                          0x8 (size before relaxing)
 .literal.xTaskGetIdleTaskHandleForCPU
                0x0000000040080914        0xc /home/alex/esp32/esp-idf/examples/my_proyects/Anemoi/build/freertos/libfreertos.a(tasks.o)
                                         0x1c (size before relaxing)
 .literal.vTaskSwitchContext
                0x0000000040080920       0x18 /home/alex/esp32/esp-idf/examples/my_proyects/Anemoi/build/freertos/libfreertos.a(tasks.o)
                                         0x3c (size before relaxing)
 .literal.vTaskSetTimeOutState
                0x0000000040080938        0xc /home/alex/esp32/esp-idf/examples/my_proyects/Anemoi/build/freertos/libfreertos.a(tasks.o)
                                         0x20 (size before relaxing)
 .literal.xTaskGetCurrentTaskHandle
                0x0000000040080944        0x0 /home/alex/esp32/esp-idf/examples/my_proyects/Anemoi/build/freertos/libfreertos.a(tasks.o)
                                          0x8 (size before relaxing)
 .literal.__getreent
                0x0000000040080944        0x0 /home/alex/esp32/esp-idf/examples/my_proyects/Anemoi/build/freertos/libfreertos.a(tasks.o)
                                          0x8 (size before relaxing)
 .literal.pcTaskGetTaskName
                0x0000000040080944        0x8 /home/alex/esp32/esp-idf/examples/my_proyects/Anemoi/build/freertos/libfreertos.a(tasks.o)
                                         0x1c (size before relaxing)
 .literal.xTaskGetAffinity
                0x000000004008094c        0x0 /home/alex/esp32/esp-idf/examples/my_proyects/Anemoi/build/freertos/libfreertos.a(tasks.o)
                                          0x4 (size before relaxing)
 .literal.xTaskGetCurrentTaskHandleForCPU
                0x000000004008094c        0x0 /home/alex/esp32/esp-idf/examples/my_proyects/Anemoi/build/freertos/libfreertos.a(tasks.o)
                                          0x4 (size before relaxing)
 .literal.xTaskGetSchedulerState
                0x000000004008094c        0x4 /home/alex/esp32/esp-idf/examples/my_proyects/Anemoi/build/freertos/libfreertos.a(tasks.o)
                                          0xc (size before relaxing)
 .literal.vTaskEnterCritical
                0x0000000040080950       0x14 /home/alex/esp32/esp-idf/examples/my_proyects/Anemoi/build/freertos/libfreertos.a(tasks.o)
                                         0x34 (size before relaxing)
 .literal.vTaskExitCritical
                0x0000000040080964        0xc /home/alex/esp32/esp-idf/examples/my_proyects/Anemoi/build/freertos/libfreertos.a(tasks.o)
                                         0x28 (size before relaxing)
 .literal.prvAddNewTaskToReadyList
                0x0000000040080970       0x10 /home/alex/esp32/esp-idf/examples/my_proyects/Anemoi/build/freertos/libfreertos.a(tasks.o)
                                         0x58 (size before relaxing)
 .literal.xTaskCreatePinnedToCore
                0x0000000040080980        0x0 /home/alex/esp32/esp-idf/examples/my_proyects/Anemoi/build/freertos/libfreertos.a(tasks.o)
                                         0x18 (size before relaxing)
 .literal.vTaskStartScheduler
                0x0000000040080980       0x10 /home/alex/esp32/esp-idf/examples/my_proyects/Anemoi/build/freertos/libfreertos.a(tasks.o)
                                         0x3c (size before relaxing)
 .literal.vTaskDelete
                0x0000000040080990        0x8 /home/alex/esp32/esp-idf/examples/my_proyects/Anemoi/build/freertos/libfreertos.a(tasks.o)
                                         0x60 (size before relaxing)
 .literal.vTaskDelay
                0x0000000040080998        0x4 /home/alex/esp32/esp-idf/examples/my_proyects/Anemoi/build/freertos/libfreertos.a(tasks.o)
                                         0x38 (size before relaxing)
 .literal.uxTaskPriorityGet
                0x000000004008099c        0x0 /home/alex/esp32/esp-idf/examples/my_proyects/Anemoi/build/freertos/libfreertos.a(tasks.o)
                                         0x10 (size before relaxing)
 .literal.vTaskPrioritySet
                0x000000004008099c        0x4 /home/alex/esp32/esp-idf/examples/my_proyects/Anemoi/build/freertos/libfreertos.a(tasks.o)
                                         0x44 (size before relaxing)
 .literal.prvCheckTasksWaitingTermination
                0x00000000400809a0        0x8 /home/alex/esp32/esp-idf/examples/my_proyects/Anemoi/build/freertos/libfreertos.a(tasks.o)
                                         0x30 (size before relaxing)
 .literal.prvIdleTask
                0x00000000400809a8        0x0 /home/alex/esp32/esp-idf/examples/my_proyects/Anemoi/build/freertos/libfreertos.a(tasks.o)
                                          0xc (size before relaxing)
 .literal.xTaskGetTickCount
                0x00000000400809a8        0x4 /home/alex/esp32/esp-idf/examples/my_proyects/Anemoi/build/freertos/libfreertos.a(tasks.o)
                                         0x10 (size before relaxing)
 .literal.xTaskIncrementTick
                0x00000000400809ac        0xc /home/alex/esp32/esp-idf/examples/my_proyects/Anemoi/build/freertos/libfreertos.a(tasks.o)
                                         0x78 (size before relaxing)
 .literal.xTaskResumeAll
                0x00000000400809b8        0x8 /home/alex/esp32/esp-idf/examples/my_proyects/Anemoi/build/freertos/libfreertos.a(tasks.o)
                                         0x5c (size before relaxing)
 .literal.vTaskPlaceOnEventList
                0x00000000400809c0        0x8 /home/alex/esp32/esp-idf/examples/my_proyects/Anemoi/build/freertos/libfreertos.a(tasks.o)
                                         0x40 (size before relaxing)
 .literal.vTaskPlaceOnEventListRestricted
                0x00000000400809c8        0x8 /home/alex/esp32/esp-idf/examples/my_proyects/Anemoi/build/freertos/libfreertos.a(tasks.o)
                                         0x38 (size before relaxing)
 .literal.xTaskRemoveFromEventList
                0x00000000400809d0        0x8 /home/alex/esp32/esp-idf/examples/my_proyects/Anemoi/build/freertos/libfreertos.a(tasks.o)
                                         0x58 (size before relaxing)
 .literal.xTaskCheckForTimeOut
                0x00000000400809d8        0xc /home/alex/esp32/esp-idf/examples/my_proyects/Anemoi/build/freertos/libfreertos.a(tasks.o)
                                         0x3c (size before relaxing)
 .literal.vTaskPriorityInherit
                0x00000000400809e4        0x0 /home/alex/esp32/esp-idf/examples/my_proyects/Anemoi/build/freertos/libfreertos.a(tasks.o)
                                         0x2c (size before relaxing)
 .literal.xTaskPriorityDisinherit
                0x00000000400809e4        0x8 /home/alex/esp32/esp-idf/examples/my_proyects/Anemoi/build/freertos/libfreertos.a(tasks.o)
                                         0x40 (size before relaxing)
 .literal.pvTaskIncrementMutexHeldCount
                0x00000000400809ec        0x0 /home/alex/esp32/esp-idf/examples/my_proyects/Anemoi/build/freertos/libfreertos.a(tasks.o)
                                         0x10 (size before relaxing)
 .literal.prvGetNextExpireTime
                0x00000000400809ec        0x4 /home/alex/esp32/esp-idf/examples/my_proyects/Anemoi/build/freertos/libfreertos.a(timers.o)
 .literal.prvInsertTimerInActiveList
                0x00000000400809f0        0x4 /home/alex/esp32/esp-idf/examples/my_proyects/Anemoi/build/freertos/libfreertos.a(timers.o)
                                         0x10 (size before relaxing)
 .literal.prvCheckForValidListAndQueue
                0x00000000400809f4       0x1c /home/alex/esp32/esp-idf/examples/my_proyects/Anemoi/build/freertos/libfreertos.a(timers.o)
                                         0x44 (size before relaxing)
 .literal.xTimerCreateTimerTask
                0x0000000040080a10        0xc /home/alex/esp32/esp-idf/examples/my_proyects/Anemoi/build/freertos/libfreertos.a(timers.o)
                                         0x2c (size before relaxing)
 .literal.xTimerGenericCommand
                0x0000000040080a1c        0x0 /home/alex/esp32/esp-idf/examples/my_proyects/Anemoi/build/freertos/libfreertos.a(timers.o)
                                         0x14 (size before relaxing)
 .literal.prvSwitchTimerLists
                0x0000000040080a1c        0x4 /home/alex/esp32/esp-idf/examples/my_proyects/Anemoi/build/freertos/libfreertos.a(timers.o)
                                         0x28 (size before relaxing)
 .literal.prvSampleTimeNow
                0x0000000040080a20        0x4 /home/alex/esp32/esp-idf/examples/my_proyects/Anemoi/build/freertos/libfreertos.a(timers.o)
                                          0xc (size before relaxing)
 .literal.prvProcessExpiredTimer
                0x0000000040080a24        0x4 /home/alex/esp32/esp-idf/examples/my_proyects/Anemoi/build/freertos/libfreertos.a(timers.o)
                                         0x24 (size before relaxing)
 .literal.prvProcessTimerOrBlockTask
                0x0000000040080a28        0x0 /home/alex/esp32/esp-idf/examples/my_proyects/Anemoi/build/freertos/libfreertos.a(timers.o)
                                         0x24 (size before relaxing)
 .literal.prvProcessReceivedCommands
                0x0000000040080a28        0x8 /home/alex/esp32/esp-idf/examples/my_proyects/Anemoi/build/freertos/libfreertos.a(timers.o)
                                         0x40 (size before relaxing)
 .literal.prvTimerTask
                0x0000000040080a30        0x0 /home/alex/esp32/esp-idf/examples/my_proyects/Anemoi/build/freertos/libfreertos.a(timers.o)
                                          0xc (size before relaxing)
 .literal       0x0000000040080a30        0x0 /home/alex/esp32/esp-idf/examples/my_proyects/Anemoi/build/freertos/libfreertos.a(xtensa_context.o)
                                         0x10 (size before relaxing)
 .literal       0x0000000040080a30       0x10 /home/alex/esp32/esp-idf/examples/my_proyects/Anemoi/build/freertos/libfreertos.a(portasm.o)
                                         0x54 (size before relaxing)
 .literal._xt_tick_divisor_init
                0x0000000040080a40        0x4 /home/alex/esp32/esp-idf/examples/my_proyects/Anemoi/build/freertos/libfreertos.a(xtensa_init.o)
                                          0xc (size before relaxing)
 .literal.prvGetFreeSize
                0x0000000040080a44        0xc /home/alex/esp32/esp-idf/examples/my_proyects/Anemoi/build/freertos/libfreertos.a(ringbuf.o)
                                         0x14 (size before relaxing)
 .literal.prvReceiveGeneric
                0x0000000040080a50        0x4 /home/alex/esp32/esp-idf/examples/my_proyects/Anemoi/build/freertos/libfreertos.a(ringbuf.o)
                                         0x3c (size before relaxing)
 .literal.xRingbufferSend
                0x0000000040080a54        0x4 /home/alex/esp32/esp-idf/examples/my_proyects/Anemoi/build/freertos/libfreertos.a(ringbuf.o)
                                         0x40 (size before relaxing)
 .literal.xRingbufferReceive
                0x0000000040080a58        0x4 /home/alex/esp32/esp-idf/examples/my_proyects/Anemoi/build/freertos/libfreertos.a(ringbuf.o)
                                         0x18 (size before relaxing)
 .literal.vRingbufferReturnItem
                0x0000000040080a5c        0x4 /home/alex/esp32/esp-idf/examples/my_proyects/Anemoi/build/freertos/libfreertos.a(ringbuf.o)
                                         0x28 (size before relaxing)
 .literal.get_prev_free_block
                0x0000000040080a60       0x10 /home/alex/esp32/esp-idf/examples/my_proyects/Anemoi/build/heap/libheap.a(multi_heap.o)
                                         0x28 (size before relaxing)
 .literal.split_if_necessary
                0x0000000040080a70       0x10 /home/alex/esp32/esp-idf/examples/my_proyects/Anemoi/build/heap/libheap.a(multi_heap.o)
                                         0x50 (size before relaxing)
 .literal.assert_valid_block
                0x0000000040080a80        0x0 /home/alex/esp32/esp-idf/examples/my_proyects/Anemoi/build/heap/libheap.a(multi_heap.o)
                                         0x2c (size before relaxing)
 .literal.merge_adjacent
                0x0000000040080a80        0x8 /home/alex/esp32/esp-idf/examples/my_proyects/Anemoi/build/heap/libheap.a(multi_heap.o)
                                         0x4c (size before relaxing)
 .literal.multi_heap_get_allocated_size_impl
                0x0000000040080a88        0x0 /home/alex/esp32/esp-idf/examples/my_proyects/Anemoi/build/heap/libheap.a(multi_heap.o)
                                         0x10 (size before relaxing)
 .literal.multi_heap_malloc_impl
                0x0000000040080a88        0x0 /home/alex/esp32/esp-idf/examples/my_proyects/Anemoi/build/heap/libheap.a(multi_heap.o)
                                         0x28 (size before relaxing)
 .literal.multi_heap_free_impl
                0x0000000040080a88        0x0 /home/alex/esp32/esp-idf/examples/my_proyects/Anemoi/build/heap/libheap.a(multi_heap.o)
                                         0x50 (size before relaxing)
 .literal.multi_heap_realloc_impl
                0x0000000040080a88        0x8 /home/alex/esp32/esp-idf/examples/my_proyects/Anemoi/build/heap/libheap.a(multi_heap.o)
                                         0x68 (size before relaxing)
 .literal.panicPutChar
                0x0000000040080a90        0x8 /home/alex/esp32/esp-idf/examples/my_proyects/Anemoi/build/esp32/libesp32.a(panic.o)
 .literal.panicPutStr
                0x0000000040080a98        0x0 /home/alex/esp32/esp-idf/examples/my_proyects/Anemoi/build/esp32/libesp32.a(panic.o)
                                          0x4 (size before relaxing)
 .literal.panicPutHex
                0x0000000040080a98        0x0 /home/alex/esp32/esp-idf/examples/my_proyects/Anemoi/build/esp32/libesp32.a(panic.o)
                                          0x8 (size before relaxing)
 .literal.panicPutDec
                0x0000000040080a98        0x4 /home/alex/esp32/esp-idf/examples/my_proyects/Anemoi/build/esp32/libesp32.a(panic.o)
                                         0x10 (size before relaxing)
 .literal.reconfigureAllWdts
                0x0000000040080a9c        0xc /home/alex/esp32/esp-idf/examples/my_proyects/Anemoi/build/esp32/libesp32.a(panic.o)
                                         0x24 (size before relaxing)
 .literal.putEntry
                0x0000000040080aa8       0x10 /home/alex/esp32/esp-idf/examples/my_proyects/Anemoi/build/esp32/libesp32.a(panic.o)
                                         0x20 (size before relaxing)
 .literal.doBacktrace
                0x0000000040080ab8       0x10 /home/alex/esp32/esp-idf/examples/my_proyects/Anemoi/build/esp32/libesp32.a(panic.o)
                                         0x24 (size before relaxing)
 .literal.invoke_abort
                0x0000000040080ac8        0x4 /home/alex/esp32/esp-idf/examples/my_proyects/Anemoi/build/esp32/libesp32.a(panic.o)
                                          0x8 (size before relaxing)
 .literal.haltOtherCore
                0x0000000040080acc        0x0 /home/alex/esp32/esp-idf/examples/my_proyects/Anemoi/build/esp32/libesp32.a(panic.o)
                                          0x4 (size before relaxing)
 .literal.commonErrorHandler_dump
                0x0000000040080acc       0x30 /home/alex/esp32/esp-idf/examples/my_proyects/Anemoi/build/esp32/libesp32.a(panic.o)
                                         0x90 (size before relaxing)
 .literal.esp_panic_dig_reset
                0x0000000040080afc        0x0 /home/alex/esp32/esp-idf/examples/my_proyects/Anemoi/build/esp32/libesp32.a(panic.o)
                                         0x14 (size before relaxing)
 .literal.commonErrorHandler
                0x0000000040080afc        0x8 /home/alex/esp32/esp-idf/examples/my_proyects/Anemoi/build/esp32/libesp32.a(panic.o)
                                         0x4c (size before relaxing)
 .literal.abort
                0x0000000040080b04        0x8 /home/alex/esp32/esp-idf/examples/my_proyects/Anemoi/build/esp32/libesp32.a(panic.o)
                                         0x18 (size before relaxing)
 .literal.vApplicationStackOverflowHook
                0x0000000040080b0c        0x8 /home/alex/esp32/esp-idf/examples/my_proyects/Anemoi/build/esp32/libesp32.a(panic.o)
                                         0x18 (size before relaxing)
 .literal.panicHandler
                0x0000000040080b14       0x34 /home/alex/esp32/esp-idf/examples/my_proyects/Anemoi/build/esp32/libesp32.a(panic.o)
                                         0xa8 (size before relaxing)
 .literal.xt_unhandled_exception
                0x0000000040080b48       0x18 /home/alex/esp32/esp-idf/examples/my_proyects/Anemoi/build/esp32/libesp32.a(panic.o)
                                         0x64 (size before relaxing)
 .literal._esp_error_check_failed
                0x0000000040080b60       0x14 /home/alex/esp32/esp-idf/examples/my_proyects/Anemoi/build/esp32/libesp32.a(panic.o)
                                         0x30 (size before relaxing)
 .literal.rtc_wdt_get_protect_status
                0x0000000040080b74        0x8 /home/alex/esp32/esp-idf/examples/my_proyects/Anemoi/build/soc/libsoc.a(rtc_wdt.o)
 .literal.rtc_wdt_protect_off
                0x0000000040080b7c        0x0 /home/alex/esp32/esp-idf/examples/my_proyects/Anemoi/build/soc/libsoc.a(rtc_wdt.o)
                                          0x8 (size before relaxing)
 .literal.rtc_wdt_protect_on
                0x0000000040080b7c        0x0 /home/alex/esp32/esp-idf/examples/my_proyects/Anemoi/build/soc/libsoc.a(rtc_wdt.o)
                                          0x4 (size before relaxing)
 .literal.rtc_wdt_enable
                0x0000000040080b7c        0xc /home/alex/esp32/esp-idf/examples/my_proyects/Anemoi/build/soc/libsoc.a(rtc_wdt.o)
                                         0x10 (size before relaxing)
 .literal.rtc_wdt_feed
                0x0000000040080b88        0x0 /home/alex/esp32/esp-idf/examples/my_proyects/Anemoi/build/soc/libsoc.a(rtc_wdt.o)
                                         0x14 (size before relaxing)
 .literal.rtc_wdt_set_time
                0x0000000040080b88       0x14 /home/alex/esp32/esp-idf/examples/my_proyects/Anemoi/build/soc/libsoc.a(rtc_wdt.o)
                                         0x20 (size before relaxing)
 .literal.rtc_wdt_set_stage
                0x0000000040080b9c       0x10 /home/alex/esp32/esp-idf/examples/my_proyects/Anemoi/build/soc/libsoc.a(rtc_wdt.o)
                                         0x14 (size before relaxing)
 .literal.rtc_wdt_disable
                0x0000000040080bac        0x0 /home/alex/esp32/esp-idf/examples/my_proyects/Anemoi/build/soc/libsoc.a(rtc_wdt.o)
                                         0x2c (size before relaxing)
 .literal.rtc_wdt_set_length_of_reset_signal
                0x0000000040080bac        0x8 /home/alex/esp32/esp-idf/examples/my_proyects/Anemoi/build/soc/libsoc.a(rtc_wdt.o)
                                          0xc (size before relaxing)
 .literal.rtc_wdt_is_on
                0x0000000040080bb4        0x0 /home/alex/esp32/esp-idf/examples/my_proyects/Anemoi/build/soc/libsoc.a(rtc_wdt.o)
                                          0x4 (size before relaxing)
 .literal.rtc_clk_cal_internal
                0x0000000040080bb4       0x38 /home/alex/esp32/esp-idf/examples/my_proyects/Anemoi/build/soc/libsoc.a(rtc_time.o)
                                         0x64 (size before relaxing)
 .literal.rtc_clk_cal
                0x0000000040080bec        0x0 /home/alex/esp32/esp-idf/examples/my_proyects/Anemoi/build/soc/libsoc.a(rtc_time.o)
                                          0xc (size before relaxing)
 .literal.rtc_time_get
                0x0000000040080bec       0x10 /home/alex/esp32/esp-idf/examples/my_proyects/Anemoi/build/soc/libsoc.a(rtc_time.o)
                                         0x18 (size before relaxing)
 .literal.rtc_clk_wait_for_slow_cycle
                0x0000000040080bfc        0x8 /home/alex/esp32/esp-idf/examples/my_proyects/Anemoi/build/soc/libsoc.a(rtc_time.o)
                                         0x20 (size before relaxing)
 .literal.rtc_init
                0x0000000040080c04       0x88 /home/alex/esp32/esp-idf/examples/my_proyects/Anemoi/build/soc/libsoc.a(rtc_init.o)
                                         0xdc (size before relaxing)
 .literal.rtc_clk_32k_enable_common
                0x0000000040080c8c       0x14 /home/alex/esp32/esp-idf/examples/my_proyects/Anemoi/build/soc/libsoc.a(rtc_clk.o)
 .literal.rtc_clk_bbpll_disable
                0x0000000040080ca0        0x8 /home/alex/esp32/esp-idf/examples/my_proyects/Anemoi/build/soc/libsoc.a(rtc_clk.o)
                                         0x10 (size before relaxing)
 .literal.rtc_clk_bbpll_enable
                0x0000000040080ca8        0x4 /home/alex/esp32/esp-idf/examples/my_proyects/Anemoi/build/soc/libsoc.a(rtc_clk.o)
                                          0x8 (size before relaxing)
 .literal.rtc_clk_32k_enable
                0x0000000040080cac        0x0 /home/alex/esp32/esp-idf/examples/my_proyects/Anemoi/build/soc/libsoc.a(rtc_clk.o)
                                          0xc (size before relaxing)
 .literal.rtc_clk_32k_enable_external
                0x0000000040080cac        0x0 /home/alex/esp32/esp-idf/examples/my_proyects/Anemoi/build/soc/libsoc.a(rtc_clk.o)
                                          0x4 (size before relaxing)
 .literal.rtc_clk_8m_enable
                0x0000000040080cac        0x0 /home/alex/esp32/esp-idf/examples/my_proyects/Anemoi/build/soc/libsoc.a(rtc_clk.o)
                                         0x10 (size before relaxing)
 .literal.rtc_clk_slow_freq_set
                0x0000000040080cac        0x0 /home/alex/esp32/esp-idf/examples/my_proyects/Anemoi/build/soc/libsoc.a(rtc_clk.o)
                                          0xc (size before relaxing)
 .literal.rtc_clk_slow_freq_get
                0x0000000040080cac        0x0 /home/alex/esp32/esp-idf/examples/my_proyects/Anemoi/build/soc/libsoc.a(rtc_clk.o)
                                          0x4 (size before relaxing)
 .literal.rtc_clk_slow_freq_get_hz
                0x0000000040080cac        0x0 /home/alex/esp32/esp-idf/examples/my_proyects/Anemoi/build/soc/libsoc.a(rtc_clk.o)
                                         0x10 (size before relaxing)
 .literal.rtc_clk_fast_freq_set
                0x0000000040080cac        0x0 /home/alex/esp32/esp-idf/examples/my_proyects/Anemoi/build/soc/libsoc.a(rtc_clk.o)
                                          0xc (size before relaxing)
 .literal.rtc_clk_bbpll_configure
                0x0000000040080cac        0x8 /home/alex/esp32/esp-idf/examples/my_proyects/Anemoi/build/soc/libsoc.a(rtc_clk.o)
                                         0x3c (size before relaxing)
 .literal.rtc_clk_xtal_freq_get
                0x0000000040080cb4        0x8 /home/alex/esp32/esp-idf/examples/my_proyects/Anemoi/build/soc/libsoc.a(rtc_clk.o)
 .literal.rtc_clk_cpu_freq_mhz_to_config
                0x0000000040080cbc        0x0 /home/alex/esp32/esp-idf/examples/my_proyects/Anemoi/build/soc/libsoc.a(rtc_clk.o)
                                          0x4 (size before relaxing)
 .literal.rtc_clk_cpu_freq_get_config
                0x0000000040080cbc       0x14 /home/alex/esp32/esp-idf/examples/my_proyects/Anemoi/build/soc/libsoc.a(rtc_clk.o)
                                         0x28 (size before relaxing)
 .literal.rtc_clk_apb_freq_update
                0x0000000040080cd0        0x4 /home/alex/esp32/esp-idf/examples/my_proyects/Anemoi/build/soc/libsoc.a(rtc_clk.o)
 .literal.rtc_clk_cpu_freq_to_xtal
                0x0000000040080cd4        0xc /home/alex/esp32/esp-idf/examples/my_proyects/Anemoi/build/soc/libsoc.a(rtc_clk.o)
                                         0x34 (size before relaxing)
 .literal.rtc_clk_cpu_freq_set_xtal
                0x0000000040080ce0        0x0 /home/alex/esp32/esp-idf/examples/my_proyects/Anemoi/build/soc/libsoc.a(rtc_clk.o)
                                         0x10 (size before relaxing)
 .literal.rtc_clk_cpu_freq_to_pll_mhz
                0x0000000040080ce0        0xc /home/alex/esp32/esp-idf/examples/my_proyects/Anemoi/build/soc/libsoc.a(rtc_clk.o)
                                         0x38 (size before relaxing)
 .literal.rtc_clk_cpu_freq_to_8m
                0x0000000040080cec        0x4 /home/alex/esp32/esp-idf/examples/my_proyects/Anemoi/build/soc/libsoc.a(rtc_clk.o)
                                         0x2c (size before relaxing)
 .literal.rtc_clk_cpu_freq_set_config
                0x0000000040080cf0        0x0 /home/alex/esp32/esp-idf/examples/my_proyects/Anemoi/build/soc/libsoc.a(rtc_clk.o)
                                         0x30 (size before relaxing)
 .literal.rtc_clk_apb_freq_get
                0x0000000040080cf0        0x4 /home/alex/esp32/esp-idf/examples/my_proyects/Anemoi/build/soc/libsoc.a(rtc_clk.o)
                                         0x10 (size before relaxing)
 .literal       0x0000000040080cf4        0x0 /home/alex/esp32/esp-idf/components/esp32/libhal.a(windowspill_asm.o)
                                          0x4 (size before relaxing)
 .literal.esp_rom_spiflash_read_status
                0x0000000040080cf4       0x10 /home/alex/esp32/esp-idf/examples/my_proyects/Anemoi/build/spi_flash/libspi_flash.a(spi_flash_rom_patch.o)
                                         0x14 (size before relaxing)
 .literal.esp_rom_spiflash_wait_idle
                0x0000000040080d04        0x8 /home/alex/esp32/esp-idf/examples/my_proyects/Anemoi/build/spi_flash/libspi_flash.a(spi_flash_rom_patch.o)
                                          0xc (size before relaxing)
 .literal.esp_rom_spiflash_erase_block_internal
                0x0000000040080d0c        0x4 /home/alex/esp32/esp-idf/examples/my_proyects/Anemoi/build/spi_flash/libspi_flash.a(spi_flash_rom_patch.o)
                                         0x18 (size before relaxing)
 .literal.esp_rom_spiflash_erase_sector_internal
                0x0000000040080d10        0x0 /home/alex/esp32/esp-idf/examples/my_proyects/Anemoi/build/spi_flash/libspi_flash.a(spi_flash_rom_patch.o)
                                         0x18 (size before relaxing)
 .literal.esp_rom_spiflash_read_data
                0x0000000040080d10       0x18 /home/alex/esp32/esp-idf/examples/my_proyects/Anemoi/build/spi_flash/libspi_flash.a(spi_flash_rom_patch.o)
                                         0x34 (size before relaxing)
 .literal.esp_rom_spiflash_enable_write
                0x0000000040080d28        0x0 /home/alex/esp32/esp-idf/examples/my_proyects/Anemoi/build/spi_flash/libspi_flash.a(spi_flash_rom_patch.o)
                                         0x10 (size before relaxing)
 .literal.esp_rom_spiflash_program_page_internal
                0x0000000040080d28       0x10 /home/alex/esp32/esp-idf/examples/my_proyects/Anemoi/build/spi_flash/libspi_flash.a(spi_flash_rom_patch.o)
                                         0x40 (size before relaxing)
 .literal.esp_rom_spiflash_read_statushigh
                0x0000000040080d38        0x4 /home/alex/esp32/esp-idf/examples/my_proyects/Anemoi/build/spi_flash/libspi_flash.a(spi_flash_rom_patch.o)
                                          0xc (size before relaxing)
 .literal.esp_rom_spiflash_write_status
                0x0000000040080d3c        0x4 /home/alex/esp32/esp-idf/examples/my_proyects/Anemoi/build/spi_flash/libspi_flash.a(spi_flash_rom_patch.o)
                                         0x14 (size before relaxing)
 .literal.esp_rom_spiflash_unlock
                0x0000000040080d40        0x8 /home/alex/esp32/esp-idf/examples/my_proyects/Anemoi/build/spi_flash/libspi_flash.a(spi_flash_rom_patch.o)
                                         0x28 (size before relaxing)
 .literal.esp_rom_spiflash_erase_block
                0x0000000040080d48        0xc /home/alex/esp32/esp-idf/examples/my_proyects/Anemoi/build/spi_flash/libspi_flash.a(spi_flash_rom_patch.o)
                                         0x20 (size before relaxing)
 .literal.esp_rom_spiflash_erase_sector
                0x0000000040080d54        0x0 /home/alex/esp32/esp-idf/examples/my_proyects/Anemoi/build/spi_flash/libspi_flash.a(spi_flash_rom_patch.o)
                                         0x20 (size before relaxing)
 .literal.esp_rom_spiflash_write
                0x0000000040080d54        0x0 /home/alex/esp32/esp-idf/examples/my_proyects/Anemoi/build/spi_flash/libspi_flash.a(spi_flash_rom_patch.o)
                                         0x28 (size before relaxing)
 .literal.esp_rom_spiflash_write_encrypted
                0x0000000040080d54        0xc /home/alex/esp32/esp-idf/examples/my_proyects/Anemoi/build/spi_flash/libspi_flash.a(spi_flash_rom_patch.o)
                                         0x10 (size before relaxing)
 .literal.esp_rom_spiflash_read
                0x0000000040080d60       0x30 /home/alex/esp32/esp-idf/examples/my_proyects/Anemoi/build/spi_flash/libspi_flash.a(spi_flash_rom_patch.o)
                                         0x5c (size before relaxing)
 .literal       0x0000000040080d90        0x8 /home/alex/esp32/esp-idf/components/newlib/lib/libm.a(lib_a-s_fpclassify.o)
                                         0x18 (size before relaxing)
 .literal.init_clock
                0x0000000040080d98        0x8 /home/alex/esp32/esp-idf/examples/my_proyects/Anemoi/build/main/libmain.a(anemoi_clock.o)
                                         0x10 (size before relaxing)
 .iram1         0x0000000040080da0      0x25a /home/alex/esp32/esp-idf/examples/my_proyects/Anemoi/build/esp32/libesp32.a(cpu_start.o)
                                        0x30e (size before relaxing)
                0x0000000040080da0                start_cpu0
                0x0000000040080da0                start_cpu0_default
                0x0000000040080e70                start_cpu1_default
                0x0000000040080e70                start_cpu1
                0x0000000040080eec                call_start_cpu0
 *fill*         0x0000000040080ffa        0x2 
 .iram1         0x0000000040080ffc       0x53 /home/alex/esp32/esp-idf/examples/my_proyects/Anemoi/build/esp32/libesp32.a(int_wdt.o)
 *fill*         0x000000004008104f        0x1 
 .iram1         0x0000000040081050       0x2c /home/alex/esp32/esp-idf/examples/my_proyects/Anemoi/build/esp32/libesp32.a(cache_err_int.o)
                                         0x34 (size before relaxing)
                0x0000000040081050                esp_cache_err_get_cpuid
 .iram1         0x000000004008107c       0x47 /home/alex/esp32/esp-idf/examples/my_proyects/Anemoi/build/esp32/libesp32.a(clk.o)
                                         0x4b (size before relaxing)
                0x000000004008107c                esp_clk_cpu_freq
                0x000000004008108c                esp_clk_apb_freq
                0x00000000400810a4                esp_clk_xtal_freq
                0x00000000400810b4                ets_update_cpu_frequency
 *fill*         0x00000000400810c3        0x1 
 .iram1         0x00000000400810c4       0x27 /home/alex/esp32/esp-idf/examples/my_proyects/Anemoi/build/esp32/libesp32.a(freertos_hooks.o)
                0x00000000400810c4                esp_vApplicationTickHook
 *fill*         0x00000000400810eb        0x1 
 .iram1         0x00000000400810ec       0xb0 /home/alex/esp32/esp-idf/examples/my_proyects/Anemoi/build/esp32/libesp32.a(crosscore_int.o)
                                         0xc0 (size before relaxing)
                0x0000000040081184                esp_crosscore_int_send_yield
                0x0000000040081190                esp_crosscore_int_send_freq_switch
 .iram1         0x000000004008119c       0x7f /home/alex/esp32/esp-idf/examples/my_proyects/Anemoi/build/esp32/libesp32.a(ipc.o)
                                         0x8b (size before relaxing)
 *fill*         0x000000004008121b        0x1 
 .iram1         0x000000004008121c      0x2b6 /home/alex/esp32/esp-idf/examples/my_proyects/Anemoi/build/esp32/libesp32.a(intr_alloc.o)
                                        0x2ce (size before relaxing)
                0x0000000040081258                esp_intr_set_in_iram
                0x00000000400812e0                esp_intr_enable
                0x0000000040081368                esp_intr_disable
                0x0000000040081430                esp_intr_noniram_disable
                0x000000004008147c                esp_intr_noniram_enable
                0x00000000400814bc                ets_isr_unmask
                0x00000000400814c8                ets_isr_mask
 *fill*         0x00000000400814d2        0x2 
 .iram1         0x00000000400814d4      0x205 /home/alex/esp32/esp-idf/examples/my_proyects/Anemoi/build/esp32/libesp32.a(esp_timer.o)
                                        0x219 (size before relaxing)
                0x00000000400815f0                esp_timer_stop
                0x0000000040081614                esp_timer_get_next_alarm
                0x0000000040081634                esp_timer_get_time
                0x0000000040081644                esp_timer_start_once
                0x0000000040081688                esp_timer_start_periodic
 *fill*         0x00000000400816d9        0x3 
 .iram1         0x00000000400816dc      0x1e3 /home/alex/esp32/esp-idf/examples/my_proyects/Anemoi/build/esp32/libesp32.a(dport_access.o)
                                        0x1ef (size before relaxing)
                0x00000000400816dc                esp_dport_access_stall_other_cpu_start
                0x000000004008178c                esp_dport_access_stall_other_cpu_end
                0x0000000040081808                esp_dport_access_stall_other_cpu_start_wrap
                0x0000000040081810                esp_dport_access_stall_other_cpu_end_wrap
                0x0000000040081818                esp_dport_access_int_pause
                0x000000004008183c                esp_dport_access_int_abort
                0x0000000040081850                esp_dport_access_int_resume
                0x0000000040081874                esp_dport_access_reg_read
                0x000000004008188c                esp_dport_access_sequence_reg_read
                0x0000000040081898                esp_dport_access_read_buffer
 *fill*         0x00000000400818bf        0x1 
 .iram1         0x00000000400818c0      0x1f1 /home/alex/esp32/esp-idf/examples/my_proyects/Anemoi/build/esp32/libesp32.a(system_api.o)
                                        0x244 (size before relaxing)
                0x0000000040081938                esp_restart_noos
                0x0000000040081a90                esp_restart
                0x0000000040081a90                system_restart
 *fill*         0x0000000040081ab1        0x3 
 .iram1         0x0000000040081ab4       0xda /home/alex/esp32/esp-idf/examples/my_proyects/Anemoi/build/esp32/libesp32.a(dport_panic_highint_hdl.o)
                0x0000000040081ab4                xt_highint4
                0x0000000040081b8e                ld_include_panic_highint_hdl
 *fill*         0x0000000040081b8e        0x2 
 .iram1         0x0000000040081b90      0x4af /home/alex/esp32/esp-idf/examples/my_proyects/Anemoi/build/esp32/libesp32.a(esp_timer_esp32.o)
                                        0x4bb (size before relaxing)
                0x0000000040081cb4                esp_timer_impl_get_time
                0x0000000040081e24                esp_timer_impl_set_alarm
                0x0000000040081f6c                esp_timer_impl_update_apb_freq
                0x0000000040082034                esp_timer_impl_get_min_period_us
 *fill*         0x000000004008203f        0x1 
 .iram1         0x0000000040082040       0x1a /home/alex/esp32/esp-idf/examples/my_proyects/Anemoi/build/freertos/libfreertos.a(port.o)
                0x0000000040082040                xPortInterruptedFromISRContext
 *fill*         0x000000004008205a        0x2 
 .iram1         0x000000004008205c      0x4b4 /home/alex/esp32/esp-idf/examples/my_proyects/Anemoi/build/freertos/libfreertos.a(xtensa_vectors.o)
                0x000000004008205c                _xt_panic
                0x0000000040082174                _xt_user_exit
                0x0000000040082460                _xt_medint2_exit
                0x00000000400824fc                _xt_medint3_exit
 .iram1         0x0000000040082510      0x3f1 /home/alex/esp32/esp-idf/examples/my_proyects/Anemoi/build/heap/libheap.a(heap_caps.o)
                                        0x40d (size before relaxing)
                0x00000000400825a0                heap_caps_malloc
                0x0000000040082640                heap_caps_malloc_default
                0x0000000040082684                heap_caps_malloc_prefer
                0x00000000400826dc                heap_caps_free
                0x0000000040082714                heap_caps_realloc
                0x00000000400827c0                heap_caps_realloc_default
                0x0000000040082818                heap_caps_realloc_prefer
                0x000000004008287c                heap_caps_calloc
                0x00000000400828ac                heap_caps_calloc_prefer
 *fill*         0x0000000040082901        0x3 
 .iram1         0x0000000040082904      0x18a /home/alex/esp32/esp-idf/examples/my_proyects/Anemoi/build/log/liblog.a(log.o)
                                        0x19a (size before relaxing)
                0x0000000040082904                esp_log_write
                0x0000000040082a34                esp_log_early_timestamp
                0x0000000040082a50                esp_log_timestamp
 *fill*         0x0000000040082a8e        0x2 
 .iram1         0x0000000040082a90       0x70 /home/alex/esp32/esp-idf/examples/my_proyects/Anemoi/build/newlib/libnewlib.a(time.o)
                                         0x74 (size before relaxing)
                0x0000000040082a90                _gettimeofday_r
                0x0000000040082ad8                _times_r
 .iram1         0x0000000040082b00       0x5a /home/alex/esp32/esp-idf/examples/my_proyects/Anemoi/build/newlib/libnewlib.a(syscalls.o)
                                         0x62 (size before relaxing)
                0x0000000040082b00                _malloc_r
                0x0000000040082b0c                _free_r
                0x0000000040082b18                _realloc_r
                0x0000000040082b2c                _calloc_r
 *fill*         0x0000000040082b5a        0x2 
 .iram1         0x0000000040082b5c       0x3c /home/alex/esp32/esp-idf/examples/my_proyects/Anemoi/build/newlib/libnewlib.a(reent_init.o)
                0x0000000040082b5c                esp_reent_init
 .iram1         0x0000000040082b98      0x1cc /home/alex/esp32/esp-idf/examples/my_proyects/Anemoi/build/newlib/libnewlib.a(locks.o)
                                        0x210 (size before relaxing)
                0x0000000040082cb0                _lock_init
                0x0000000040082cc0                _lock_init_recursive
                0x0000000040082cd0                _lock_close
                0x0000000040082d0c                _lock_acquire
                0x0000000040082d1c                _lock_acquire_recursive
                0x0000000040082d2c                _lock_try_acquire
                0x0000000040082d3c                _lock_try_acquire_recursive
                0x0000000040082d4c                _lock_release
                0x0000000040082d58                _lock_release_recursive
 .iram1         0x0000000040082d64      0x11a /home/alex/esp32/esp-idf/examples/my_proyects/Anemoi/build/soc/libsoc.a(cpu_util.o)
                0x0000000040082d64                esp_cpu_stall
                0x0000000040082df8                esp_cpu_unstall
                0x0000000040082e4c                esp_cpu_reset
                0x0000000040082e70                esp_cpu_in_ocd_debug_mode
 *fill*         0x0000000040082e7e        0x2 
 .iram1         0x0000000040082e80      0x2f4 /home/alex/esp32/esp-idf/examples/my_proyects/Anemoi/build/spi_flash/libspi_flash.a(cache_utils.o)
                                        0x340 (size before relaxing)
                0x0000000040082ee4                spi_flash_op_block_func
                0x0000000040082f90                spi_flash_disable_interrupts_caches_and_other_cpu
                0x0000000040083070                spi_flash_enable_interrupts_caches_and_other_cpu
                0x0000000040083108                spi_flash_disable_interrupts_caches_and_other_cpu_no_os
                0x0000000040083134                spi_flash_enable_interrupts_caches_no_os
                0x0000000040083150                spi_flash_cache_enabled
 .iram1         0x0000000040083174      0x722 /home/alex/esp32/esp-idf/examples/my_proyects/Anemoi/build/spi_flash/libspi_flash.a(flash_ops.o)
                                        0x74a (size before relaxing)
                0x00000000400831e4                spi_flash_guard_set
                0x00000000400831f0                spi_flash_guard_get
                0x00000000400831fc                spi_flash_get_chip_size
                0x0000000040083208                spi_flash_erase_range
                0x00000000400832c0                spi_flash_erase_sector
                0x00000000400832e4                spi_flash_write
                0x00000000400834ac                spi_flash_read
                0x0000000040083744                spi_flash_read_encrypted
                0x000000004008378c                spi_flash_write_encrypted
 *fill*         0x0000000040083896        0x2 
 .iram1         0x0000000040083898      0x4ce /home/alex/esp32/esp-idf/examples/my_proyects/Anemoi/build/spi_flash/libspi_flash.a(flash_mmap.o)
                                        0x502 (size before relaxing)
                0x00000000400839c4                spi_flash_mmap_pages
                0x0000000040083c04                spi_flash_mmap
                0x0000000040083c78                spi_flash_munmap
                0x0000000040083d1c                spi_flash_mark_modified_region
 *fill*         0x0000000040083d66        0x2 
 .iram1         0x0000000040083d68      0x204 /home/alex/esp32/esp-idf/examples/my_proyects/Anemoi/build/driver/libdriver.a(ledc.o)
                                        0x210 (size before relaxing)
                0x0000000040083e4c                ledc_fade_isr
 *fill*         0x0000000040083f6c        0x0 
 *fill*         0x0000000040083f6c        0x0 
 *fill*         0x0000000040083f6c        0x0 
 *fill*         0x0000000040083f6c        0x0 
 *fill*         0x0000000040083f6c        0x0 
 *fill*         0x0000000040083f6c        0x0 
 *fill*         0x0000000040083f6c        0x0 
 *fill*         0x0000000040083f6c        0x0 
 *fill*         0x0000000040083f6c        0x0 
 .iram1         0x0000000040083f6c       0x20 /home/alex/esp32/esp-idf/examples/my_proyects/Anemoi/build/esp32/libesp32.a(dbg_stubs.o)
 *fill*         0x0000000040083f8c        0x0 
 *fill*         0x0000000040083f8c        0x0 
 .iram1         0x0000000040083f8c       0x2e /home/alex/esp32/esp-idf/examples/my_proyects/Anemoi/build/freertos/libfreertos.a(xtensa_vector_defaults.o)
                0x0000000040083f8c                xt_debugexception
                0x0000000040083fac                xt_highint5
                0x0000000040083fb4                _xt_nmi
                0x0000000040083fb4                xt_nmi
 *fill*         0x0000000040083fba        0x0 
 *fill*         0x0000000040083fba        0x0 
 *fill*         0x0000000040083fba        0x0 
 *fill*         0x0000000040083fba        0x0 
 *fill*         0x0000000040083fba        0x0 
 *fill*         0x0000000040083fba        0x0 
 *fill*         0x0000000040083fba        0x0 
 *libfreertos.a:(.literal .text .literal.* .text.*)
 *fill*         0x0000000040083fba        0x2 
 .text.xt_unhandled_interrupt
                0x0000000040083fbc       0x16 /home/alex/esp32/esp-idf/examples/my_proyects/Anemoi/build/freertos/libfreertos.a(xtensa_intr.o)
                0x0000000040083fbc                xt_unhandled_interrupt
 *fill*         0x0000000040083fd2        0x2 
 .text.xt_set_interrupt_handler
                0x0000000040083fd4       0x46 /home/alex/esp32/esp-idf/examples/my_proyects/Anemoi/build/freertos/libfreertos.a(xtensa_intr.o)
                0x0000000040083fd4                xt_set_interrupt_handler
 *fill*         0x000000004008401a        0x2 
 .text.prvIsQueueFull
                0x000000004008401c       0x2a /home/alex/esp32/esp-idf/examples/my_proyects/Anemoi/build/freertos/libfreertos.a(queue.o)
 *fill*         0x0000000040084046        0x2 
 .text.prvCopyDataToQueue
                0x0000000040084048       0x9e /home/alex/esp32/esp-idf/examples/my_proyects/Anemoi/build/freertos/libfreertos.a(queue.o)
 *fill*         0x00000000400840e6        0x2 
 .text.prvNotifyQueueSetContainer
                0x00000000400840e8       0x77 /home/alex/esp32/esp-idf/examples/my_proyects/Anemoi/build/freertos/libfreertos.a(queue.o)
                                         0x8a (size before relaxing)
 *fill*         0x000000004008415f        0x1 
 .text.prvCopyDataFromQueue
                0x0000000040084160       0x24 /home/alex/esp32/esp-idf/examples/my_proyects/Anemoi/build/freertos/libfreertos.a(queue.o)
 .text.xQueueGenericReset
                0x0000000040084184       0x86 /home/alex/esp32/esp-idf/examples/my_proyects/Anemoi/build/freertos/libfreertos.a(queue.o)
                                         0x96 (size before relaxing)
                0x0000000040084184                xQueueGenericReset
 *fill*         0x000000004008420a        0x2 
 .text.prvInitialiseNewQueue
                0x000000004008420c       0x1f /home/alex/esp32/esp-idf/examples/my_proyects/Anemoi/build/freertos/libfreertos.a(queue.o)
                                         0x23 (size before relaxing)
 *fill*         0x000000004008422b        0x1 
 .text.xQueueGenericCreate
                0x000000004008422c       0x49 /home/alex/esp32/esp-idf/examples/my_proyects/Anemoi/build/freertos/libfreertos.a(queue.o)
                                         0x4d (size before relaxing)
                0x000000004008422c                xQueueGenericCreate
 *fill*         0x0000000040084275        0x3 
 .text.xQueueGetMutexHolder
                0x0000000040084278       0x23 /home/alex/esp32/esp-idf/examples/my_proyects/Anemoi/build/freertos/libfreertos.a(queue.o)
                0x0000000040084278                xQueueGetMutexHolder
 *fill*         0x000000004008429b        0x1 
 .text.xQueueCreateCountingSemaphore
                0x000000004008429c       0x66 /home/alex/esp32/esp-idf/examples/my_proyects/Anemoi/build/freertos/libfreertos.a(queue.o)
                                         0x6a (size before relaxing)
                0x000000004008429c                xQueueCreateCountingSemaphore
 *fill*         0x0000000040084302        0x2 
 .text.xQueueGenericSend
                0x0000000040084304      0x158 /home/alex/esp32/esp-idf/examples/my_proyects/Anemoi/build/freertos/libfreertos.a(queue.o)
                                        0x18c (size before relaxing)
                0x0000000040084304                xQueueGenericSend
 .text.prvInitialiseMutex
                0x000000004008445c       0x22 /home/alex/esp32/esp-idf/examples/my_proyects/Anemoi/build/freertos/libfreertos.a(queue.o)
                                         0x26 (size before relaxing)
 *fill*         0x000000004008447e        0x2 
 .text.xQueueCreateMutex
                0x0000000040084480       0x16 /home/alex/esp32/esp-idf/examples/my_proyects/Anemoi/build/freertos/libfreertos.a(queue.o)
                                         0x1a (size before relaxing)
                0x0000000040084480                xQueueCreateMutex
 *fill*         0x0000000040084496        0x2 
 .text.xQueueGiveMutexRecursive
                0x0000000040084498       0x48 /home/alex/esp32/esp-idf/examples/my_proyects/Anemoi/build/freertos/libfreertos.a(queue.o)
                                         0x4c (size before relaxing)
                0x0000000040084498                xQueueGiveMutexRecursive
 .text.xQueueGenericSendFromISR
                0x00000000400844e0       0xd6 /home/alex/esp32/esp-idf/examples/my_proyects/Anemoi/build/freertos/libfreertos.a(queue.o)
                                         0xe6 (size before relaxing)
                0x00000000400844e0                xQueueGenericSendFromISR
 *fill*         0x00000000400845b6        0x2 
 .text.xQueueGiveFromISR
                0x00000000400845b8       0xb6 /home/alex/esp32/esp-idf/examples/my_proyects/Anemoi/build/freertos/libfreertos.a(queue.o)
                                         0xc2 (size before relaxing)
                0x00000000400845b8                xQueueGiveFromISR
 *fill*         0x000000004008466e        0x2 
 .text.xQueueGenericReceive
                0x0000000040084670      0x144 /home/alex/esp32/esp-idf/examples/my_proyects/Anemoi/build/freertos/libfreertos.a(queue.o)
                                        0x178 (size before relaxing)
                0x0000000040084670                xQueueGenericReceive
 .text.xQueueTakeMutexRecursive
                0x00000000400847b4       0x51 /home/alex/esp32/esp-idf/examples/my_proyects/Anemoi/build/freertos/libfreertos.a(queue.o)
                0x00000000400847b4                xQueueTakeMutexRecursive
 *fill*         0x0000000040084805        0x3 
 .text.xQueueReceiveFromISR
                0x0000000040084808       0x96 /home/alex/esp32/esp-idf/examples/my_proyects/Anemoi/build/freertos/libfreertos.a(queue.o)
                                         0xa6 (size before relaxing)
                0x0000000040084808                xQueueReceiveFromISR
 *fill*         0x000000004008489e        0x2 
 .text.vQueueDelete
                0x00000000400848a0       0x28 /home/alex/esp32/esp-idf/examples/my_proyects/Anemoi/build/freertos/libfreertos.a(queue.o)
                0x00000000400848a0                vQueueDelete
 .text.vQueueWaitForMessageRestricted
                0x00000000400848c8       0x23 /home/alex/esp32/esp-idf/examples/my_proyects/Anemoi/build/freertos/libfreertos.a(queue.o)
                                         0x2a (size before relaxing)
                0x00000000400848c8                vQueueWaitForMessageRestricted
 *fill*         0x00000000400848eb        0x1 
 .text.pxPortInitialiseStack
                0x00000000400848ec       0x86 /home/alex/esp32/esp-idf/examples/my_proyects/Anemoi/build/freertos/libfreertos.a(port.o)
                0x00000000400848ec                pxPortInitialiseStack
 *fill*         0x0000000040084972        0x2 
 .text.xPortStartScheduler
                0x0000000040084974       0x22 /home/alex/esp32/esp-idf/examples/my_proyects/Anemoi/build/freertos/libfreertos.a(port.o)
                                         0x2e (size before relaxing)
                0x0000000040084974                xPortStartScheduler
 *fill*         0x0000000040084996        0x2 
 .text.xPortSysTickHandler
                0x0000000040084998       0x10 /home/alex/esp32/esp-idf/examples/my_proyects/Anemoi/build/freertos/libfreertos.a(port.o)
                                         0x16 (size before relaxing)
                0x0000000040084998                xPortSysTickHandler
 *fill*         0x00000000400849a8        0x0 
 .text.vPortYieldOtherCore
                0x00000000400849a8        0xa /home/alex/esp32/esp-idf/examples/my_proyects/Anemoi/build/freertos/libfreertos.a(port.o)
                                          0xe (size before relaxing)
                0x00000000400849a8                vPortYieldOtherCore
 *fill*         0x00000000400849b2        0x2 
 .text.vPortReleaseTaskMPUSettings
                0x00000000400849b4        0xa /home/alex/esp32/esp-idf/examples/my_proyects/Anemoi/build/freertos/libfreertos.a(port.o)
                                          0xe (size before relaxing)
                0x00000000400849b4                vPortReleaseTaskMPUSettings
 *fill*         0x00000000400849be        0x2 
 .text.xPortInIsrContext
                0x00000000400849c0       0x26 /home/alex/esp32/esp-idf/examples/my_proyects/Anemoi/build/freertos/libfreertos.a(port.o)
                0x00000000400849c0                xPortInIsrContext
 *fill*         0x00000000400849e6        0x2 
 .text.vPortCPUInitializeMutex
                0x00000000400849e8        0xe /home/alex/esp32/esp-idf/examples/my_proyects/Anemoi/build/freertos/libfreertos.a(port.o)
                0x00000000400849e8                vPortCPUInitializeMutex
 *fill*         0x00000000400849f6        0x2 
 .text.vPortCPUAcquireMutex
                0x00000000400849f8       0x81 /home/alex/esp32/esp-idf/examples/my_proyects/Anemoi/build/freertos/libfreertos.a(port.o)
                                         0x88 (size before relaxing)
                0x00000000400849f8                vPortCPUAcquireMutex
 *fill*         0x0000000040084a79        0x3 
 .text.vPortCPUReleaseMutex
                0x0000000040084a7c       0x4d /home/alex/esp32/esp-idf/examples/my_proyects/Anemoi/build/freertos/libfreertos.a(port.o)
                                         0x50 (size before relaxing)
                0x0000000040084a7c                vPortCPUReleaseMutex
 *fill*         0x0000000040084ac9        0x3 
 .text.prvResetNextTaskUnblockTime
                0x0000000040084acc       0x34 /home/alex/esp32/esp-idf/examples/my_proyects/Anemoi/build/freertos/libfreertos.a(tasks.o)
 .text.prvDeleteTLS
                0x0000000040084b00       0x40 /home/alex/esp32/esp-idf/examples/my_proyects/Anemoi/build/freertos/libfreertos.a(tasks.o)
 .text.prvInitialiseNewTask
                0x0000000040084b40       0xc4 /home/alex/esp32/esp-idf/examples/my_proyects/Anemoi/build/freertos/libfreertos.a(tasks.o)
                                         0xd0 (size before relaxing)
 .text.prvInitialiseTaskLists
                0x0000000040084c04       0x5a /home/alex/esp32/esp-idf/examples/my_proyects/Anemoi/build/freertos/libfreertos.a(tasks.o)
                                         0x6e (size before relaxing)
 *fill*         0x0000000040084c5e        0x2 
 .text.prvDeleteTCB
                0x0000000040084c60       0x56 /home/alex/esp32/esp-idf/examples/my_proyects/Anemoi/build/freertos/libfreertos.a(tasks.o)
                                         0x5d (size before relaxing)
 *fill*         0x0000000040084cb6        0x2 
 .text.prvAddCurrentTaskToDelayedList
                0x0000000040084cb8       0x66 /home/alex/esp32/esp-idf/examples/my_proyects/Anemoi/build/freertos/libfreertos.a(tasks.o)
                                         0x6a (size before relaxing)
 *fill*         0x0000000040084d1e        0x2 
 .text.taskYIELD_OTHER_CORE
                0x0000000040084d20       0x53 /home/alex/esp32/esp-idf/examples/my_proyects/Anemoi/build/freertos/libfreertos.a(tasks.o)
                0x0000000040084d20                taskYIELD_OTHER_CORE
 *fill*         0x0000000040084d73        0x1 
 .text.vTaskSuspendAll
                0x0000000040084d74       0x26 /home/alex/esp32/esp-idf/examples/my_proyects/Anemoi/build/freertos/libfreertos.a(tasks.o)
                0x0000000040084d74                vTaskSuspendAll
 *fill*         0x0000000040084d9a        0x2 
 .text.xTaskGetIdleTaskHandleForCPU
                0x0000000040084d9c       0x2a /home/alex/esp32/esp-idf/examples/my_proyects/Anemoi/build/freertos/libfreertos.a(tasks.o)
                                         0x2e (size before relaxing)
                0x0000000040084d9c                xTaskGetIdleTaskHandleForCPU
 *fill*         0x0000000040084dc6        0x2 
 .text.vTaskSwitchContext
                0x0000000040084dc8      0x27e /home/alex/esp32/esp-idf/examples/my_proyects/Anemoi/build/freertos/libfreertos.a(tasks.o)
                                        0x28a (size before relaxing)
                0x0000000040084dc8                vTaskSwitchContext
 *fill*         0x0000000040085046        0x2 
 .text.vTaskSetTimeOutState
                0x0000000040085048       0x34 /home/alex/esp32/esp-idf/examples/my_proyects/Anemoi/build/freertos/libfreertos.a(tasks.o)
                0x0000000040085048                vTaskSetTimeOutState
 .text.xTaskGetCurrentTaskHandle
                0x000000004008507c       0x1f /home/alex/esp32/esp-idf/examples/my_proyects/Anemoi/build/freertos/libfreertos.a(tasks.o)
                0x000000004008507c                xTaskGetCurrentTaskHandle
 *fill*         0x000000004008509b        0x1 
 .text.__getreent
                0x000000004008509c       0x19 /home/alex/esp32/esp-idf/examples/my_proyects/Anemoi/build/freertos/libfreertos.a(tasks.o)
                0x000000004008509c                __getreent
 *fill*         0x00000000400850b5        0x3 
 .text.pcTaskGetTaskName
                0x00000000400850b8       0x2a /home/alex/esp32/esp-idf/examples/my_proyects/Anemoi/build/freertos/libfreertos.a(tasks.o)
                                         0x2d (size before relaxing)
                0x00000000400850b8                pcTaskGetTaskName
 *fill*         0x00000000400850e2        0x2 
 .text.xTaskGetAffinity
                0x00000000400850e4       0x10 /home/alex/esp32/esp-idf/examples/my_proyects/Anemoi/build/freertos/libfreertos.a(tasks.o)
                                         0x13 (size before relaxing)
                0x00000000400850e4                xTaskGetAffinity
 *fill*         0x00000000400850f4        0x0 
 .text.xTaskGetCurrentTaskHandleForCPU
                0x00000000400850f4       0x18 /home/alex/esp32/esp-idf/examples/my_proyects/Anemoi/build/freertos/libfreertos.a(tasks.o)
                0x00000000400850f4                xTaskGetCurrentTaskHandleForCPU
 .text.xTaskGetSchedulerState
                0x000000004008510c       0x37 /home/alex/esp32/esp-idf/examples/my_proyects/Anemoi/build/freertos/libfreertos.a(tasks.o)
                0x000000004008510c                xTaskGetSchedulerState
 *fill*         0x0000000040085143        0x1 
 .text.vTaskEnterCritical
                0x0000000040085144       0xac /home/alex/esp32/esp-idf/examples/my_proyects/Anemoi/build/freertos/libfreertos.a(tasks.o)
                                         0xb3 (size before relaxing)
                0x0000000040085144                vTaskEnterCritical
 *fill*         0x00000000400851f0        0x0 
 .text.vTaskExitCritical
                0x00000000400851f0       0x77 /home/alex/esp32/esp-idf/examples/my_proyects/Anemoi/build/freertos/libfreertos.a(tasks.o)
                0x00000000400851f0                vTaskExitCritical
 *fill*         0x0000000040085267        0x1 
 .text.prvAddNewTaskToReadyList
                0x0000000040085268      0x160 /home/alex/esp32/esp-idf/examples/my_proyects/Anemoi/build/freertos/libfreertos.a(tasks.o)
                                        0x173 (size before relaxing)
 *fill*         0x00000000400853c8        0x0 
 .text.xTaskCreatePinnedToCore
                0x00000000400853c8       0x6e /home/alex/esp32/esp-idf/examples/my_proyects/Anemoi/build/freertos/libfreertos.a(tasks.o)
                                         0x76 (size before relaxing)
                0x00000000400853c8                xTaskCreatePinnedToCore
 *fill*         0x0000000040085436        0x2 
 .text.vTaskStartScheduler
                0x0000000040085438       0x77 /home/alex/esp32/esp-idf/examples/my_proyects/Anemoi/build/freertos/libfreertos.a(tasks.o)
                                         0x82 (size before relaxing)
                0x0000000040085438                vTaskStartScheduler
 *fill*         0x00000000400854af        0x1 
 .text.vTaskDelete
                0x00000000400854b0      0x10a /home/alex/esp32/esp-idf/examples/my_proyects/Anemoi/build/freertos/libfreertos.a(tasks.o)
                                        0x122 (size before relaxing)
                0x00000000400854b0                vTaskDelete
 *fill*         0x00000000400855ba        0x2 
 .text.vTaskDelay
                0x00000000400855bc       0x70 /home/alex/esp32/esp-idf/examples/my_proyects/Anemoi/build/freertos/libfreertos.a(tasks.o)
                                         0x80 (size before relaxing)
                0x00000000400855bc                vTaskDelay
 .text.uxTaskPriorityGet
                0x000000004008562c       0x1c /home/alex/esp32/esp-idf/examples/my_proyects/Anemoi/build/freertos/libfreertos.a(tasks.o)
                                         0x23 (size before relaxing)
                0x000000004008562c                uxTaskPriorityGet
 *fill*         0x0000000040085648        0x0 
 .text.vTaskPrioritySet
                0x0000000040085648      0x12d /home/alex/esp32/esp-idf/examples/my_proyects/Anemoi/build/freertos/libfreertos.a(tasks.o)
                                        0x143 (size before relaxing)
                0x0000000040085648                vTaskPrioritySet
 *fill*         0x0000000040085775        0x3 
 .text.prvCheckTasksWaitingTermination
                0x0000000040085778       0xbe /home/alex/esp32/esp-idf/examples/my_proyects/Anemoi/build/freertos/libfreertos.a(tasks.o)
                                         0xc6 (size before relaxing)
 *fill*         0x0000000040085836        0x2 
 .text.prvIdleTask
                0x0000000040085838        0xf /home/alex/esp32/esp-idf/examples/my_proyects/Anemoi/build/freertos/libfreertos.a(tasks.o)
                                         0x18 (size before relaxing)
 *fill*         0x0000000040085847        0x1 
 .text.xTaskGetTickCount
                0x0000000040085848       0x1c /home/alex/esp32/esp-idf/examples/my_proyects/Anemoi/build/freertos/libfreertos.a(tasks.o)
                                         0x20 (size before relaxing)
                0x0000000040085848                xTaskGetTickCount
 .text.xTaskIncrementTick
                0x0000000040085864      0x1b2 /home/alex/esp32/esp-idf/examples/my_proyects/Anemoi/build/freertos/libfreertos.a(tasks.o)
                                        0x1ce (size before relaxing)
                0x0000000040085864                xTaskIncrementTick
 *fill*         0x0000000040085a16        0x2 
 .text.xTaskResumeAll
                0x0000000040085a18      0x177 /home/alex/esp32/esp-idf/examples/my_proyects/Anemoi/build/freertos/libfreertos.a(tasks.o)
                                        0x186 (size before relaxing)
                0x0000000040085a18                xTaskResumeAll
 *fill*         0x0000000040085b8f        0x1 
 .text.vTaskPlaceOnEventList
                0x0000000040085b90       0x83 /home/alex/esp32/esp-idf/examples/my_proyects/Anemoi/build/freertos/libfreertos.a(tasks.o)
                                         0x97 (size before relaxing)
                0x0000000040085b90                vTaskPlaceOnEventList
 *fill*         0x0000000040085c13        0x1 
 .text.vTaskPlaceOnEventListRestricted
                0x0000000040085c14       0x5b /home/alex/esp32/esp-idf/examples/my_proyects/Anemoi/build/freertos/libfreertos.a(tasks.o)
                                         0x6f (size before relaxing)
                0x0000000040085c14                vTaskPlaceOnEventListRestricted
 *fill*         0x0000000040085c6f        0x1 
 .text.xTaskRemoveFromEventList
                0x0000000040085c70      0x134 /home/alex/esp32/esp-idf/examples/my_proyects/Anemoi/build/freertos/libfreertos.a(tasks.o)
                                        0x143 (size before relaxing)
                0x0000000040085c70                xTaskRemoveFromEventList
 *fill*         0x0000000040085da4        0x0 
 .text.xTaskCheckForTimeOut
                0x0000000040085da4       0x89 /home/alex/esp32/esp-idf/examples/my_proyects/Anemoi/build/freertos/libfreertos.a(tasks.o)
                                         0x94 (size before relaxing)
                0x0000000040085da4                xTaskCheckForTimeOut
 *fill*         0x0000000040085e2d        0x3 
 .text.vTaskPriorityInherit
                0x0000000040085e30       0xc4 /home/alex/esp32/esp-idf/examples/my_proyects/Anemoi/build/freertos/libfreertos.a(tasks.o)
                                         0xdb (size before relaxing)
                0x0000000040085e30                vTaskPriorityInherit
 *fill*         0x0000000040085ef4        0x0 
 .text.xTaskPriorityDisinherit
                0x0000000040085ef4       0x97 /home/alex/esp32/esp-idf/examples/my_proyects/Anemoi/build/freertos/libfreertos.a(tasks.o)
                                         0xaa (size before relaxing)
                0x0000000040085ef4                xTaskPriorityDisinherit
 *fill*         0x0000000040085f8b        0x1 
 .text.pvTaskIncrementMutexHeldCount
                0x0000000040085f8c       0x50 /home/alex/esp32/esp-idf/examples/my_proyects/Anemoi/build/freertos/libfreertos.a(tasks.o)
                                         0x54 (size before relaxing)
                0x0000000040085f8c                pvTaskIncrementMutexHeldCount
 .text.prvGetNextExpireTime
                0x0000000040085fdc       0x20 /home/alex/esp32/esp-idf/examples/my_proyects/Anemoi/build/freertos/libfreertos.a(timers.o)
 .text.prvInsertTimerInActiveList
                0x0000000040085ffc       0x50 /home/alex/esp32/esp-idf/examples/my_proyects/Anemoi/build/freertos/libfreertos.a(timers.o)
                                         0x54 (size before relaxing)
 .text.prvCheckForValidListAndQueue
                0x000000004008604c       0x66 /home/alex/esp32/esp-idf/examples/my_proyects/Anemoi/build/freertos/libfreertos.a(timers.o)
                                         0x7e (size before relaxing)
 *fill*         0x00000000400860b2        0x2 
 .text.xTimerCreateTimerTask
                0x00000000400860b4       0x48 /home/alex/esp32/esp-idf/examples/my_proyects/Anemoi/build/freertos/libfreertos.a(timers.o)
                                         0x4c (size before relaxing)
                0x00000000400860b4                xTimerCreateTimerTask
 .text.xTimerGenericCommand
                0x00000000400860fc       0x55 /home/alex/esp32/esp-idf/examples/my_proyects/Anemoi/build/freertos/libfreertos.a(timers.o)
                                         0x5d (size before relaxing)
                0x00000000400860fc                xTimerGenericCommand
 *fill*         0x0000000040086151        0x3 
 .text.prvSwitchTimerLists
                0x0000000040086154       0x76 /home/alex/esp32/esp-idf/examples/my_proyects/Anemoi/build/freertos/libfreertos.a(timers.o)
                                         0x82 (size before relaxing)
 *fill*         0x00000000400861ca        0x2 
 .text.prvSampleTimeNow
                0x00000000400861cc       0x2b /home/alex/esp32/esp-idf/examples/my_proyects/Anemoi/build/freertos/libfreertos.a(timers.o)
                                         0x2f (size before relaxing)
 *fill*         0x00000000400861f7        0x1 
 .text.prvProcessExpiredTimer
                0x00000000400861f8       0x53 /home/alex/esp32/esp-idf/examples/my_proyects/Anemoi/build/freertos/libfreertos.a(timers.o)
                                         0x5f (size before relaxing)
 *fill*         0x000000004008624b        0x1 
 .text.prvProcessTimerOrBlockTask
                0x000000004008624c       0x58 /home/alex/esp32/esp-idf/examples/my_proyects/Anemoi/build/freertos/libfreertos.a(timers.o)
                                         0x6c (size before relaxing)
 .text.prvProcessReceivedCommands
                0x00000000400862a4       0xd6 /home/alex/esp32/esp-idf/examples/my_proyects/Anemoi/build/freertos/libfreertos.a(timers.o)
                                         0xe6 (size before relaxing)
 *fill*         0x000000004008637a        0x2 
 .text.prvTimerTask
                0x000000004008637c       0x15 /home/alex/esp32/esp-idf/examples/my_proyects/Anemoi/build/freertos/libfreertos.a(timers.o)
                                         0x1d (size before relaxing)
 *fill*         0x0000000040086391        0x3 
 .text          0x0000000040086394      0x12b /home/alex/esp32/esp-idf/examples/my_proyects/Anemoi/build/freertos/libfreertos.a(xtensa_context.o)